<html>
<body>
<pre>
<h1>µVision Build Log</h1>
<h2>Project:</h2>
Z:\Dropbox\balancer\day3_usart\sprintf\MDKProj\balancer.uvproj
Project File Date:  07/02/2015

<h2>Output:</h2>
Clean started: Project: 'balancer'
   deleting intermediate output files for target 'balancer'
compiling uart1.c...
..\bsp\uart1.c - 0 Error(s), 0 Warning(s).
compiling uart1.c...
..\bsp\uart1.c - 0 Error(s), 0 Warning(s).
compiling uart1.c...
..\bsp\uart1.h(16): error:  #20: identifier "UART1_BUFFER_SIZE_TRANSMIT" is undefined
..\bsp\uart1.h(17): error:  #20: identifier "UART1_BUFFER_SIZE_RECEIVE" is undefined
..\bsp\uart1.c - 2 Error(s), 0 Warning(s).
compiling uart1.c...
..\bsp\uart1.c - 0 Error(s), 0 Warning(s).
compiling uart1.c...
..\bsp\uart1.c - 0 Error(s), 0 Warning(s).
Build target 'balancer'
assembling startup_stm32f10x_md.s...
compiling delay.c...
compiling bsp.c...
compiling led.c...
compiling misc.c...
compiling stm32f10x_adc.c...
compiling stm32f10x_crc.c...
compiling stm32f10x_dma.c...
compiling stm32f10x_exti.c...
compiling stm32f10x_flash.c...
compiling stm32f10x_gpio.c...
compiling stm32f10x_i2c.c...
compiling stm32f10x_rcc.c...
compiling stm32f10x_rtc.c...
compiling stm32f10x_tim.c...
compiling stm32f10x_usart.c...
compiling main.c...
compiling stm32f10x_it.c...
compiling core_cm3.c...
compiling system_stm32f10x.c...
linking...
Program Size: Code=2708 RO-data=268 RW-data=44 ZI-data=1028  
FromELF: creating hex file...
".\output\balancer.axf" - 0 Error(s), 0 Warning(s).
compiling uart1.c...
..\bsp\uart1.c - 0 Error(s), 0 Warning(s).
Build target 'balancer'
linking...
Program Size: Code=2708 RO-data=268 RW-data=44 ZI-data=1028  
FromELF: creating hex file...
".\output\balancer.axf" - 0 Error(s), 0 Warning(s).
compiling uart1.c...
..\bsp\uart1.c(20): error:  #20: identifier "pin_param" is undefined
..\bsp\uart1.c(29): error:  #20: identifier "init_param" is undefined
..\bsp\uart1.c(40): error:  #20: identifier "nvicParam" is undefined
..\bsp\uart1.c - 3 Error(s), 0 Warning(s).
compiling uart1.c...
..\bsp\uart1.c(40): error:  #20: identifier "nvicParam" is undefined
..\bsp\uart1.c - 1 Error(s), 0 Warning(s).
compiling uart1.c...
..\bsp\uart1.c - 0 Error(s), 0 Warning(s).
compiling uart1.c...
..\bsp\uart1.c - 0 Error(s), 0 Warning(s).
Build target 'balancer'
linking...
Program Size: Code=2708 RO-data=268 RW-data=44 ZI-data=1028  
FromELF: creating hex file...
".\output\balancer.axf" - 0 Error(s), 0 Warning(s).
compiling main.c...
..\user\main.c(20): warning:  #223-D: function "printf" declared implicitly
..\user\main.c - 0 Error(s), 1 Warning(s).
compiling main.c...
..\user\main.c - 0 Error(s), 0 Warning(s).
Build target 'balancer'
linking...
Program Size: Code=4008 RO-data=268 RW-data=52 ZI-data=1572  
FromELF: creating hex file...
".\output\balancer.axf" - 0 Error(s), 0 Warning(s).
