<html>
<body>
<pre>
<h1>µVision Build Log</h1>
<h2>Project:</h2>
C:\Users\work\Desktop\day7_i2c_mpu6050\MDKProj\balancer.uvproj
Project File Date:  07/09/2015

<h2>Output:</h2>
Clean started: Project: 'balancer'
   deleting intermediate output files for target 'balancer'
Build target 'balancer'
assembling startup_stm32f10x_md.s...
compiling bsp.c...
compiling delay.c...
compiling uart1.c...
compiling core_cm3.c...
compiling system_stm32f10x.c...
compiling battery.c...
compiling encoder.c...
compiling led.c...
compiling motor.c...
compiling STM32_I2C.c...
compiling inv_mpu.c...
compiling inv_mpu_dmp_motion_driver.c...
..\dirver\eMPL\inv_mpu_dmp_motion_driver.c(1342): warning:  #223-D: function "get_ms" declared implicitly
..\dirver\eMPL\inv_mpu_dmp_motion_driver.c:       get_ms(timestamp);
..\dirver\eMPL\inv_mpu_dmp_motion_driver.c:       ^
..\dirver\eMPL\inv_mpu_dmp_motion_driver.c: ..\dirver\eMPL\inv_mpu_dmp_motion_driver.c: 1 warning, 0 errors
compiling misc.c...
compiling stm32f10x_adc.c...
compiling stm32f10x_gpio.c...
compiling stm32f10x_tim.c...
compiling stm32f10x_usart.c...
compiling stm32f10x_rcc.c...
compiling stm32f10x_it.c...
compiling main.c...
linking...
Program Size: Code=13478 RO-data=282 RW-data=832 ZI-data=1888  
FromELF: creating hex file...
".\output\balancer.axf" - 0 Error(s), 1 Warning(s).
compiling inv_mpu_dmp_motion_driver.c...
..\dirver\eMPL\inv_mpu_dmp_motion_driver.c - 0 Error(s), 0 Warning(s).
Build target 'balancer'
compiling delay.c...
linking...
Program Size: Code=13478 RO-data=282 RW-data=832 ZI-data=1888  
FromELF: creating hex file...
".\output\balancer.axf" - 0 Error(s), 0 Warning(s).
compiling main.c...
..\user\main.c - 0 Error(s), 0 Warning(s).
compiling main.c...
..\user\main.c - 0 Error(s), 0 Warning(s).
Build target 'balancer'
linking...
Program Size: Code=13478 RO-data=282 RW-data=576 ZI-data=2144  
FromELF: creating hex file...
".\output\balancer.axf" - 0 Error(s), 0 Warning(s).
Load "C:\\Users\\work\\Desktop\\day7_i2c_mpu6050\\MDKProj\\output\\balancer.AXF" 
Set JLink Project File to "C:\Users\work\Desktop\day7_i2c_mpu6050\MDKProj\JLinkSettings.ini"
* JLink Info: Device "STM32F101C8" selected (64 KB flash, 10 KB RAM).
 
JLink info:
------------
DLL: V4.91b, compiled Sep 15 2014 09:17:56
Firmware: J-Link ARM V8 compiled Nov 28 2014 13:44:46
Hardware: V8.00
S/N : 99999994 
Feature(s) : RDI,FlashDL,FlashBP,JFlash,GDBFULL 
 
* JLink Info: Found SWD-DP with ID 0x1BA01477
* JLink Info: Found SWD-DP with ID 0x1BA01477
* JLink Info: Found Cortex-M3 r1p1, Little endian.
* JLink Info: FPUnit: 6 code (BP) slots and 2 literal slots
* JLink Info: TPIU fitted.
ROMTableAddr = 0xE00FF003
 
Target info:
------------
Device: STM32F101C8
VTarget = 3.300V
State of Pins: 
TCK: 0, TDI: 0, TDO: 0, TMS: 1, TRES: 1, TRST: 1
Hardware-Breakpoints: 6
Software-Breakpoints: 8192
Watchpoints:          4
JTAG speed: 4000 kHz
 
Erase Done.
Programming Done.
Verify OK.
Application running ...
Load "C:\\Users\\work\\Desktop\\day7_i2c_mpu6050\\MDKProj\\output\\balancer.AXF" 
Set JLink Project File to "C:\Users\work\Desktop\day7_i2c_mpu6050\MDKProj\JLinkSettings.ini"
* JLink Info: Device "STM32F101C8" selected (64 KB flash, 10 KB RAM).
 
JLink info:
------------
DLL: V4.91b, compiled Sep 15 2014 09:17:56
Firmware: J-Link ARM V8 compiled Nov 28 2014 13:44:46
Hardware: V8.00
S/N : 99999994 
Feature(s) : RDI,FlashDL,FlashBP,JFlash,GDBFULL 
 
* JLink Info: Found SWD-DP with ID 0x1BA01477
* JLink Info: Found SWD-DP with ID 0x1BA01477
* JLink Info: Found Cortex-M3 r1p1, Little endian.
* JLink Info: FPUnit: 6 code (BP) slots and 2 literal slots
* JLink Info: TPIU fitted.
ROMTableAddr = 0xE00FF003
 
Target info:
------------
Device: STM32F101C8
VTarget = 3.300V
State of Pins: 
TCK: 0, TDI: 0, TDO: 0, TMS: 1, TRES: 1, TRST: 1
Hardware-Breakpoints: 6
Software-Breakpoints: 8192
Watchpoints:          4
JTAG speed: 4000 kHz
 
Erase Done.
Programming Done.
Verify OK.
Application running ...
compiling c:\keil\arm\sfd\st\stm32f10x\stm32f10x_lib.sfd...
compiling main.c...
..\user\main.c - 0 Error(s), 0 Warning(s).
Build target 'balancer'
linking...
Program Size: Code=13478 RO-data=282 RW-data=576 ZI-data=2144  
FromELF: creating hex file...
".\output\balancer.axf" - 0 Error(s), 0 Warning(s).
Build target 'balancer'
assembling startup_stm32f10x_md.s...
compiling bsp.c...
compiling delay.c...
compiling uart1.c...
compiling core_cm3.c...
compiling system_stm32f10x.c...
compiling battery.c...
compiling encoder.c...
compiling led.c...
compiling motor.c...
compiling STM32_I2C.c...
compiling inv_mpu.c...
compiling inv_mpu_dmp_motion_driver.c...
compiling misc.c...
compiling stm32f10x_adc.c...
compiling stm32f10x_gpio.c...
compiling stm32f10x_tim.c...
compiling stm32f10x_usart.c...
compiling stm32f10x_rcc.c...
compiling stm32f10x_it.c...
compiling main.c...
linking...
Program Size: Code=13478 RO-data=282 RW-data=576 ZI-data=2144  
FromELF: creating hex file...
".\output\balancer.axf" - 0 Error(s), 0 Warning(s).
compiling bsp.c...
..\bsp\bsp.c - 0 Error(s), 0 Warning(s).
Build target 'balancer'
linking...
Program Size: Code=13478 RO-data=282 RW-data=576 ZI-data=2144  
FromELF: creating hex file...
".\output\balancer.axf" - 0 Error(s), 0 Warning(s).
Load "C:\\Users\\work\\Desktop\\day7_i2c_mpu6050\\MDKProj\\output\\balancer.AXF" 
Set JLink Project File to "C:\Users\work\Desktop\day7_i2c_mpu6050\MDKProj\JLinkSettings.ini"
* JLink Info: Device "STM32F103C8" selected (64 KB flash, 20 KB RAM).
 
JLink info:
------------
DLL: V4.91b, compiled Sep 15 2014 09:17:56
Firmware: J-Link ARM V8 compiled Nov 28 2014 13:44:46
Hardware: V8.00
S/N : 99999994 
Feature(s) : RDI,FlashDL,FlashBP,JFlash,GDBFULL 
 
* JLink Info: Found SWD-DP with ID 0x1BA01477
* JLink Info: Found SWD-DP with ID 0x1BA01477
* JLink Info: Found Cortex-M3 r1p1, Little endian.
* JLink Info: FPUnit: 6 code (BP) slots and 2 literal slots
* JLink Info: TPIU fitted.
ROMTableAddr = 0xE00FF003
 
Target info:
------------
Device: STM32F103C8
VTarget = 3.300V
State of Pins: 
TCK: 0, TDI: 0, TDO: 0, TMS: 1, TRES: 1, TRST: 1
Hardware-Breakpoints: 6
Software-Breakpoints: 8192
Watchpoints:          4
JTAG speed: 4000 kHz
 
Erase Done.
Programming Done.
Verify OK.
compiling main.c...
..\user\main.c(46): warning:  #223-D: function "dmp_read_fifo" declared implicitly
..\user\main.c:                  dmp_read_fifo(gyro, accel, quat, &sensor_timestamp, &sensors,
..\user\main.c:                  ^
..\user\main.c(61): error:  #20: identifier "INV_WXYZ_QUAT" is undefined
..\user\main.c:              if (sensors & INV_WXYZ_QUAT )
..\user\main.c:                            ^
..\user\main.c(63): warning:  #223-D: function "PrintChar" declared implicitly
..\user\main.c:                      PrintChar("in Calculating quaternion steps.....\n");
..\user\main.c:                      ^
..\user\main.c(64): error:  #20: identifier "q0" is undefined
..\user\main.c:                          q0=quat[0] / q30;
..\user\main.c:                          ^
..\user\main.c(64): error:  #20: identifier "q30" is undefined
..\user\main.c:                          q0=quat[0] / q30;
..\user\main.c:                                       ^
..\user\main.c(65): error:  #20: identifier "q1" is undefined
..\user\main.c:                          q1=quat[1] / q30;
..\user\main.c:                          ^
..\user\main.c(66): error:  #20: identifier "q2" is undefined
..\user\main.c:                          q2=quat[2] / q30;
..\user\main.c:                          ^
..\user\main.c(67): error:  #20: identifier "q3" is undefined
..\user\main.c:                          q3=quat[3] / q30;
..\user\main.c:                          ^
..\user\main.c(72): error:  #20: identifier "q0" is undefined
..\user\main.c:                  printf("q1:%d q2:%d q3:5d q4:%d \r\n", q0, q1, q2, q3);
..\user\main.c:                                                         ^
..\user\main.c(72): error:  #20: identifier "q1" is undefined
..\user\main.c:                  printf("q1:%d q2:%d q3:5d q4:%d \r\n", q0, q1, q2, q3);
..\user\main.c:                                                             ^
..\user\main.c(72): error:  #20: identifier "q2" is undefined
..\user\main.c:                  printf("q1:%d q2:%d q3:5d q4:%d \r\n", q0, q1, q2, q3);
..\user\main.c:                                                                 ^
..\user\main.c(72): error:  #20: identifier "q3" is undefined
..\user\main.c:                  printf("q1:%d q2:%d q3:5d q4:%d \r\n", q0, q1, q2, q3);
..\user\main.c:                                                                     ^
..\user\main.c(72): warning:  #225-D: the format string ends before this argument
..\user\main.c:                  printf("q1:%d q2:%d q3:5d q4:%d \r\n", q0, q1, q2, q3);
..\user\main.c:                                                                     ^
..\user\main.c: ..\user\main.c: 3 warnings, 10 errors
..\user\main.c - 10 Error(s), 3 Warning(s).
compiling main.c...
..\user\main.c(48): warning:  #223-D: function "dmp_read_fifo" declared implicitly
..\user\main.c:                  dmp_read_fifo(gyro, accel, quat, &sensor_timestamp, &sensors,
..\user\main.c:                  ^
..\user\main.c(63): error:  #20: identifier "INV_WXYZ_QUAT" is undefined
..\user\main.c:              if (sensors & INV_WXYZ_QUAT )
..\user\main.c:                            ^
..\user\main.c(65): warning:  #223-D: function "PrintChar" declared implicitly
..\user\main.c:                      PrintChar("in Calculating quaternion steps.....\n");
..\user\main.c:                      ^
..\user\main.c(66): error:  #20: identifier "q30" is undefined
..\user\main.c:                          q0=quat[0] / q30;
..\user\main.c:                                       ^
..\user\main.c(74): warning:  #225-D: the format string ends before this argument
..\user\main.c:                  printf("q1:%f q2:%f q3:5f q4:%f \r\n", q0, q1, q2, q3);
..\user\main.c:                                                                     ^
..\user\main.c: ..\user\main.c: 3 warnings, 2 errors
..\user\main.c - 2 Error(s), 3 Warning(s).
compiling main.c...
..\user\main.c(49): warning:  #223-D: function "dmp_read_fifo" declared implicitly
..\user\main.c:                  dmp_read_fifo(gyro, accel, quat, &sensor_timestamp, &sensors,
..\user\main.c:                  ^
..\user\main.c(64): error:  #20: identifier "INV_WXYZ_QUAT" is undefined
..\user\main.c:              if (sensors & INV_WXYZ_QUAT )
..\user\main.c:                            ^
..\user\main.c(66): warning:  #223-D: function "PrintChar" declared implicitly
..\user\main.c:                      PrintChar("in Calculating quaternion steps.....\n");
..\user\main.c:                      ^
..\user\main.c(75): warning:  #225-D: the format string ends before this argument
..\user\main.c:                  printf("q1:%f q2:%f q3:5f q4:%f \r\n", q0, q1, q2, q3);
..\user\main.c:                                                                     ^
..\user\main.c: ..\user\main.c: 3 warnings, 1 error
..\user\main.c - 1 Error(s), 3 Warning(s).
compiling main.c...
..\user\main.c(49): warning:  #223-D: function "dmp_read_fifo" declared implicitly
..\user\main.c:                  dmp_read_fifo(gyro, accel, quat, &sensor_timestamp, &sensors,
..\user\main.c:                  ^
..\user\main.c(64): error:  #20: identifier "INV_WXYZ_QUAT" is undefined
..\user\main.c:              if (sensors & INV_WXYZ_QUAT )
..\user\main.c:                            ^
..\user\main.c(66): warning:  #223-D: function "PrintChar" declared implicitly
..\user\main.c:                      PrintChar("in Calculating quaternion steps.....\n");
..\user\main.c:                      ^
..\user\main.c(75): warning:  #225-D: the format string ends before this argument
..\user\main.c:                  printf("q1:%f q2:%f q3:5f q4:%f \r\n", q0, q1, q2, q3);
..\user\main.c:                                                                     ^
..\user\main.c: ..\user\main.c: 3 warnings, 1 error
..\user\main.c - 1 Error(s), 3 Warning(s).
compiling main.c...
..\user\main.c(67): warning:  #223-D: function "PrintChar" declared implicitly
..\user\main.c:                      PrintChar("in Calculating quaternion steps.....\n");
..\user\main.c:                      ^
..\user\main.c(76): warning:  #225-D: the format string ends before this argument
..\user\main.c:                  printf("q1:%f q2:%f q3:5f q4:%f \r\n", q0, q1, q2, q3);
..\user\main.c:                                                                     ^
..\user\main.c: ..\user\main.c: 2 warnings, 0 errors
..\user\main.c - 0 Error(s), 2 Warning(s).
compiling main.c...
..\user\main.c - 0 Error(s), 0 Warning(s).
