<html>
<body>
<pre>
<h1>µVision Build Log</h1>
<h2>Project:</h2>
Z:\Dropbox\balancer\day2_flash_led\MDKProj\balancer.uvproj
Project File Date:  07/01/2015

<h2>Output:</h2>
compiling main.c...
..\user\main.c - 0 Error(s), 0 Warning(s).
Build target 'balancer'
compiling delay.c...
compiling stm32f10x_it.c...
linking...
balancer.axf: Error: L6218E: Undefined symbol bsp_init (referred from main.o).
Target not created
compiling main.c...
..\user\main.c - 0 Error(s), 0 Warning(s).
Build target 'balancer'
linking...
balancer.axf: Error: L6218E: Undefined symbol bsp_init (referred from main.o).
Target not created
compiling main.c...
..\user\main.c - 0 Error(s), 0 Warning(s).
Build target 'balancer'
compiling bsp.c...
linking...
Program Size: Code=2920 RO-data=268 RW-data=44 ZI-data=1636  
FromELF: creating hex file...
"balancer.axf" - 0 Error(s), 0 Warning(s).
