<html>
<body>
<pre>
<h1>µVision Build Log</h1>
<h2>Project:</h2>
C:\Users\work\Desktop\day7_i2c_mpu6050\MDKProj\balancer.uvproj
Project File Date:  07/11/2015

<h2>Output:</h2>
compiling main.c...
..\user\main.c - 0 Error(s), 0 Warning(s).
Build target 'balancer'
linking...
Program Size: Code=38328 RO-data=3932 RW-data=648 ZI-data=2160  
FromELF: creating hex file...
".\output\balancer.axf" - 0 Error(s), 0 Warning(s).
compiling main.c...
..\user\main.c - 0 Error(s), 0 Warning(s).
Build target 'balancer'
linking...
Program Size: Code=38328 RO-data=3932 RW-data=648 ZI-data=2160  
FromELF: creating hex file...
".\output\balancer.axf" - 0 Error(s), 0 Warning(s).
Load "C:\\Users\\work\\Desktop\\day7_i2c_mpu6050\\MDKProj\\output\\balancer.AXF" 
Set JLink Project File to "C:\Users\work\Desktop\day7_i2c_mpu6050\MDKProj\JLinkSettings.ini"
* JLink Info: Device "STM32F103C8" selected (64 KB flash, 20 KB RAM).
 
JLink info:
------------
DLL: V4.91b, compiled Sep 15 2014 09:17:56
Firmware: J-Link ARM V8 compiled Nov 28 2014 13:44:46
Hardware: V8.00
S/N : 99999994 
Feature(s) : RDI,FlashDL,FlashBP,JFlash,GDBFULL 
 
* JLink Info: Found SWD-DP with ID 0x1BA01477
* JLink Info: Found SWD-DP with ID 0x1BA01477
* JLink Info: Found Cortex-M3 r1p1, Little endian.
* JLink Info: FPUnit: 6 code (BP) slots and 2 literal slots
* JLink Info: TPIU fitted.
ROMTableAddr = 0xE00FF003
 
Target info:
------------
Device: STM32F103C8
VTarget = 3.300V
State of Pins: 
TCK: 0, TDI: 0, TDO: 0, TMS: 1, TRES: 1, TRST: 1
Hardware-Breakpoints: 6
Software-Breakpoints: 8192
Watchpoints:          4
JTAG speed: 4000 kHz
 
Erase Done.
Programming Done.
Verify OK.
Application running ...
compiling mpu6050.c...
..\dirver\mpu6050.c - 0 Error(s), 0 Warning(s).
Build target 'balancer'
linking...
Program Size: Code=38320 RO-data=3932 RW-data=648 ZI-data=2160  
FromELF: creating hex file...
".\output\balancer.axf" - 0 Error(s), 0 Warning(s).
compiling main.c...
..\user\main.c - 0 Error(s), 0 Warning(s).
Build target 'balancer'
linking...
Program Size: Code=38324 RO-data=3928 RW-data=648 ZI-data=2160  
FromELF: creating hex file...
".\output\balancer.axf" - 0 Error(s), 0 Warning(s).
Load "C:\\Users\\work\\Desktop\\day7_i2c_mpu6050\\MDKProj\\output\\balancer.AXF" 
Set JLink Project File to "C:\Users\work\Desktop\day7_i2c_mpu6050\MDKProj\JLinkSettings.ini"
* JLink Info: Device "STM32F103C8" selected (64 KB flash, 20 KB RAM).
 
JLink info:
------------
DLL: V4.91b, compiled Sep 15 2014 09:17:56
Firmware: J-Link ARM V8 compiled Nov 28 2014 13:44:46
Hardware: V8.00
S/N : 99999994 
Feature(s) : RDI,FlashDL,FlashBP,JFlash,GDBFULL 
 
* JLink Info: Found SWD-DP with ID 0x1BA01477
* JLink Info: Found SWD-DP with ID 0x1BA01477
* JLink Info: Found Cortex-M3 r1p1, Little endian.
* JLink Info: FPUnit: 6 code (BP) slots and 2 literal slots
* JLink Info: TPIU fitted.
ROMTableAddr = 0xE00FF003
 
Target info:
------------
Device: STM32F103C8
VTarget = 3.300V
State of Pins: 
TCK: 0, TDI: 0, TDO: 0, TMS: 1, TRES: 1, TRST: 1
Hardware-Breakpoints: 6
Software-Breakpoints: 8192
Watchpoints:          4
JTAG speed: 4000 kHz
 
Erase Done.
Programming Done.
Verify OK.
Application running ...
compiling mpu6050.c...
..\dirver\mpu6050.c - 0 Error(s), 0 Warning(s).
Build target 'balancer'
compiling inv_mpu.c...
..\dirver\eMPL\inv_mpu.c(43): warning:  #47-D: incompatible redefinition of macro "MPU6050"
..\dirver\eMPL\inv_mpu.c:   #define MPU6050
..\dirver\eMPL\inv_mpu.c:           ^
..\dirver\eMPL\inv_mpu.c: ..\dirver\eMPL\inv_mpu.c: 1 warning, 0 errors
linking...
Program Size: Code=38308 RO-data=3928 RW-data=648 ZI-data=2160  
FromELF: creating hex file...
".\output\balancer.axf" - 0 Error(s), 1 Warning(s).
Load "C:\\Users\\work\\Desktop\\day7_i2c_mpu6050\\MDKProj\\output\\balancer.AXF" 
Set JLink Project File to "C:\Users\work\Desktop\day7_i2c_mpu6050\MDKProj\JLinkSettings.ini"
* JLink Info: Device "STM32F103C8" selected (64 KB flash, 20 KB RAM).
 
JLink info:
------------
DLL: V4.91b, compiled Sep 15 2014 09:17:56
Firmware: J-Link ARM V8 compiled Nov 28 2014 13:44:46
Hardware: V8.00
S/N : 99999994 
Feature(s) : RDI,FlashDL,FlashBP,JFlash,GDBFULL 
 
* JLink Info: Found SWD-DP with ID 0x1BA01477
* JLink Info: Found SWD-DP with ID 0x1BA01477
* JLink Info: Found Cortex-M3 r1p1, Little endian.
* JLink Info: FPUnit: 6 code (BP) slots and 2 literal slots
* JLink Info: TPIU fitted.
ROMTableAddr = 0xE00FF003
 
Target info:
------------
Device: STM32F103C8
VTarget = 3.300V
State of Pins: 
TCK: 0, TDI: 0, TDO: 0, TMS: 1, TRES: 1, TRST: 1
Hardware-Breakpoints: 6
Software-Breakpoints: 8192
Watchpoints:          4
JTAG speed: 4000 kHz
 
Erase Done.
Programming Done.
Verify OK.
Application running ...
