ARM Linker, 4.1 [Build 481] [Standard]

==============================================================================

Section Cross References

    startup_stm32f10x_md.o(STACK) refers (Special) to heapauxi.o(.text) for __use_two_region_memory
    startup_stm32f10x_md.o(HEAP) refers (Special) to heapauxi.o(.text) for __use_two_region_memory
    startup_stm32f10x_md.o(RESET) refers (Special) to heapauxi.o(.text) for __use_two_region_memory
    startup_stm32f10x_md.o(RESET) refers to startup_stm32f10x_md.o(STACK) for __initial_sp
    startup_stm32f10x_md.o(RESET) refers to startup_stm32f10x_md.o(.text) for Reset_Handler
    startup_stm32f10x_md.o(RESET) refers to stm32f10x_it.o(.text) for NMI_Handler
    startup_stm32f10x_md.o(.text) refers (Special) to heapauxi.o(.text) for __use_two_region_memory
    startup_stm32f10x_md.o(.text) refers to system_stm32f10x.o(.text) for SystemInit
    startup_stm32f10x_md.o(.text) refers to __main.o(!!!main) for __main
    startup_stm32f10x_md.o(.text) refers to startup_stm32f10x_md.o(HEAP) for Heap_Mem
    startup_stm32f10x_md.o(.text) refers to startup_stm32f10x_md.o(STACK) for Stack_Mem
    bsp.o(.text) refers to stm32f10x_rcc.o(.text) for RCC_AHBPeriphClockCmd
    delay.o(.text) refers to system_stm32f10x.o(.data) for SystemCoreClock
    delay.o(.text) refers to delay.o(.data) for TimingDelay
    uart1.o(.text) refers to stm32f10x_usart.o(.text) for USART_DeInit
    uart1.o(.text) refers to stm32f10x_gpio.o(.text) for GPIO_Init
    uart1.o(.text) refers to misc.o(.text) for NVIC_PriorityGroupConfig
    uart1.o(.text) refers to uart1.o(.data) for GPIO_InitStructure
    uart1.o(.text) refers to uart1.o(.bss) for USART_InitStructure
    system_stm32f10x.o(.text) refers to system_stm32f10x.o(.data) for SystemCoreClock
    battery.o(.text) refers to stm32f10x_gpio.o(.text) for GPIO_Init
    battery.o(.text) refers to stm32f10x_adc.o(.text) for ADC_Init
    battery.o(.text) refers to misc.o(.text) for NVIC_Init
    encoder.o(.text) refers to stm32f10x_gpio.o(.text) for GPIO_Init
    encoder.o(.text) refers to stm32f10x_tim.o(.text) for TIM_DeInit
    encoder.o(.text) refers to misc.o(.text) for NVIC_PriorityGroupConfig
    led.o(.text) refers to stm32f10x_gpio.o(.text) for GPIO_Init
    motor.o(.text) refers to stm32f10x_gpio.o(.text) for GPIO_Init
    motor.o(.text) refers to stm32f10x_tim.o(.text) for TIM_TimeBaseInit
    inv_mpu.o(.text) refers to i2c.o(.text) for i2c_write
    inv_mpu.o(.text) refers to delay.o(.text) for DelayMs
    inv_mpu.o(.text) refers to inv_mpu.o(.data) for st
    inv_mpu.o(.text) refers to noretval__2printf.o(.text) for __2printf
    inv_mpu.o(.text) refers to fflt_clz.o(x$fpl$ffltu) for __aeabi_ui2f
    inv_mpu.o(.text) refers to fflt_clz.o(x$fpl$fflt) for __aeabi_i2f
    inv_mpu.o(.text) refers to faddsub_clz.o(x$fpl$fsub) for __aeabi_fsub
    inv_mpu.o(.text) refers to fdiv.o(x$fpl$fdiv) for __aeabi_fdiv
    inv_mpu.o(.text) refers to faddsub_clz.o(x$fpl$fadd) for __aeabi_fadd
    inv_mpu.o(.text) refers to fmul.o(x$fpl$fmul) for __aeabi_fmul
    inv_mpu.o(.text) refers to ffix.o(x$fpl$ffix) for __aeabi_f2iz
    inv_mpu.o(.text) refers to inv_mpu.o(.constdata) for .constdata
    inv_mpu.o(.text) refers to feqf.o(x$fpl$feqf) for __aeabi_cfcmpeq
    inv_mpu.o(.text) refers to frleqf.o(x$fpl$frleqf) for __aeabi_cfrcmple
    inv_mpu.o(.text) refers to fleqf.o(x$fpl$fleqf) for __aeabi_cfcmple
    inv_mpu.o(.text) refers to llshl.o(.text) for __aeabi_llsl
    inv_mpu.o(.text) refers to llsdiv.o(.text) for __aeabi_ldivmod
    inv_mpu.o(.text) refers to memcmp.o(.text) for memcmp
    inv_mpu.o(.data) refers to inv_mpu.o(.constdata) for reg
    inv_mpu_dmp_motion_driver.o(.text) refers to inv_mpu.o(.text) for mpu_load_firmware
    inv_mpu_dmp_motion_driver.o(.text) refers to llsshr.o(.text) for __aeabi_lasr
    inv_mpu_dmp_motion_driver.o(.text) refers to llshl.o(.text) for __aeabi_llsl
    inv_mpu_dmp_motion_driver.o(.text) refers to inv_mpu_dmp_motion_driver.o(.constdata) for dmp_memory
    inv_mpu_dmp_motion_driver.o(.text) refers to inv_mpu_dmp_motion_driver.o(.bss) for dmp
    inv_mpu_dmp_motion_driver.o(.text) refers to fflt_clz.o(x$fpl$ffltu) for __aeabi_ui2f
    inv_mpu_dmp_motion_driver.o(.text) refers to fdiv.o(x$fpl$fdiv) for __aeabi_fdiv
    inv_mpu_dmp_motion_driver.o(.text) refers to fmul.o(x$fpl$fmul) for __aeabi_fmul
    inv_mpu_dmp_motion_driver.o(.text) refers to ffixu.o(x$fpl$ffixu) for __aeabi_f2uiz
    inv_mpu_dmp_motion_driver.o(.text) refers to aeabi_memset.o(.text) for __aeabi_memset
    inv_mpu_dmp_motion_driver.o(.text) refers to delay.o(.text) for get_ms
    mpu6050.o(.text) refers to _printf_percent.o(.ARM.Collect$$_printf_percent$$00000000) for _printf_percent
    mpu6050.o(.text) refers to _printf_f.o(.ARM.Collect$$_printf_percent$$00000003) for _printf_f
    mpu6050.o(.text) refers to printf1.o(x$fpl$printf1) for _printf_fp_dec
[...]
    __rt_lib_shutdown_user_alloc_1           0x080001e1   Thumb Code     0  libshutdown2.o(.ARM.Collect$$libshutdown$$0000000B)
    __rt_entry                               0x080001e3   Thumb Code     0  rtentry.o(.ARM.Collect$$rtentry$$00000000)
    __rt_entry_presh_1                       0x080001e3   Thumb Code     0  rtentry2.o(.ARM.Collect$$rtentry$$00000002)
    __rt_entry_sh                            0x080001e3   Thumb Code     0  rtentry4.o(.ARM.Collect$$rtentry$$00000004)
    __rt_entry_li                            0x080001e9   Thumb Code     0  rtentry2.o(.ARM.Collect$$rtentry$$0000000A)
    __rt_entry_postsh_1                      0x080001e9   Thumb Code     0  rtentry2.o(.ARM.Collect$$rtentry$$00000009)
    __rt_entry_main                          0x080001ed   Thumb Code     0  rtentry2.o(.ARM.Collect$$rtentry$$0000000D)
    __rt_entry_postli_1                      0x080001ed   Thumb Code     0  rtentry2.o(.ARM.Collect$$rtentry$$0000000C)
    __rt_exit                                0x080001f5   Thumb Code     0  rtexit.o(.ARM.Collect$$rtexit$$00000000)
    __rt_exit_ls                             0x080001f7   Thumb Code     0  rtexit2.o(.ARM.Collect$$rtexit$$00000003)
    __rt_exit_prels_1                        0x080001f7   Thumb Code     0  rtexit2.o(.ARM.Collect$$rtexit$$00000002)
    __rt_exit_exit                           0x080001fb   Thumb Code     0  rtexit2.o(.ARM.Collect$$rtexit$$00000004)
    Reset_Handler                            0x08000201   Thumb Code     8  startup_stm32f10x_md.o(.text)
    _maybe_terminate_alloc                   0x08000201   Thumb Code     0  maybetermalloc1.o(.emb_text)
    CAN1_RX1_IRQHandler                      0x0800021b   Thumb Code     0  startup_stm32f10x_md.o(.text)
    CAN1_SCE_IRQHandler                      0x0800021b   Thumb Code     0  startup_stm32f10x_md.o(.text)
    DMA1_Channel1_IRQHandler                 0x0800021b   Thumb Code     0  startup_stm32f10x_md.o(.text)
    DMA1_Channel2_IRQHandler                 0x0800021b   Thumb Code     0  startup_stm32f10x_md.o(.text)
    DMA1_Channel3_IRQHandler                 0x0800021b   Thumb Code     0  startup_stm32f10x_md.o(.text)
    DMA1_Channel4_IRQHandler                 0x0800021b   Thumb Code     0  startup_stm32f10x_md.o(.text)
    DMA1_Channel5_IRQHandler                 0x0800021b   Thumb Code     0  startup_stm32f10x_md.o(.text)
    DMA1_Channel6_IRQHandler                 0x0800021b   Thumb Code     0  startup_stm32f10x_md.o(.text)
    DMA1_Channel7_IRQHandler                 0x0800021b   Thumb Code     0  startup_stm32f10x_md.o(.text)
    EXTI0_IRQHandler                         0x0800021b   Thumb Code     0  startup_stm32f10x_md.o(.text)
    EXTI15_10_IRQHandler                     0x0800021b   Thumb Code     0  startup_stm32f10x_md.o(.text)
    EXTI1_IRQHandler                         0x0800021b   Thumb Code     0  startup_stm32f10x_md.o(.text)
    EXTI2_IRQHandler                         0x0800021b   Thumb Code     0  startup_stm32f10x_md.o(.text)
    EXTI3_IRQHandler                         0x0800021b   Thumb Code     0  startup_stm32f10x_md.o(.text)
    EXTI4_IRQHandler                         0x0800021b   Thumb Code     0  startup_stm32f10x_md.o(.text)
    EXTI9_5_IRQHandler                       0x0800021b   Thumb Code     0  startup_stm32f10x_md.o(.text)
    FLASH_IRQHandler                         0x0800021b   Thumb Code     0  startup_stm32f10x_md.o(.text)
    I2C1_ER_IRQHandler                       0x0800021b   Thumb Code     0  startup_stm32f10x_md.o(.text)
    I2C1_EV_IRQHandler                       0x0800021b   Thumb Code     0  startup_stm32f10x_md.o(.text)
    I2C2_ER_IRQHandler                       0x0800021b   Thumb Code     0  startup_stm32f10x_md.o(.text)
    I2C2_EV_IRQHandler                       0x0800021b   Thumb Code     0  startup_stm32f10x_md.o(.text)
    PVD_IRQHandler                           0x0800021b   Thumb Code     0  startup_stm32f10x_md.o(.text)
    RCC_IRQHandler                           0x0800021b   Thumb Code     0  startup_stm32f10x_md.o(.text)
    RTCAlarm_IRQHandler                      0x0800021b   Thumb Code     0  startup_stm32f10x_md.o(.text)
    RTC_IRQHandler                           0x0800021b   Thumb Code     0  startup_stm32f10x_md.o(.text)
    SPI1_IRQHandler                          0x0800021b   Thumb Code     0  startup_stm32f10x_md.o(.text)
    SPI2_IRQHandler                          0x0800021b   Thumb Code     0  startup_stm32f10x_md.o(.text)
    TAMPER_IRQHandler                        0x0800021b   Thumb Code     0  startup_stm32f10x_md.o(.text)
    TIM1_BRK_IRQHandler                      0x0800021b   Thumb Code     0  startup_stm32f10x_md.o(.text)
    TIM1_CC_IRQHandler                       0x0800021b   Thumb Code     0  startup_stm32f10x_md.o(.text)
    TIM1_TRG_COM_IRQHandler                  0x0800021b   Thumb Code     0  startup_stm32f10x_md.o(.text)
    TIM1_UP_IRQHandler                       0x0800021b   Thumb Code     0  startup_stm32f10x_md.o(.text)
    TIM3_IRQHandler                          0x0800021b   Thumb Code     0  startup_stm32f10x_md.o(.text)
    USART2_IRQHandler                        0x0800021b   Thumb Code     0  startup_stm32f10x_md.o(.text)
    USART3_IRQHandler                        0x0800021b   Thumb Code     0  startup_stm32f10x_md.o(.text)
    USBWakeUp_IRQHandler                     0x0800021b   Thumb Code     0  startup_stm32f10x_md.o(.text)
    USB_HP_CAN1_TX_IRQHandler                0x0800021b   Thumb Code     0  startup_stm32f10x_md.o(.text)
    USB_LP_CAN1_RX0_IRQHandler               0x0800021b   Thumb Code     0  startup_stm32f10x_md.o(.text)
    WWDG_IRQHandler                          0x0800021b   Thumb Code     0  startup_stm32f10x_md.o(.text)
    __user_initial_stackheap                 0x0800021d   Thumb Code     0  startup_stm32f10x_md.o(.text)
    bsp_init                                 0x08000241   Thumb Code    30  bsp.o(.text)
    delay_init                               0x08000265   Thumb Code    86  delay.o(.text)
    DelayUs                                  0x080002bb   Thumb Code    16  delay.o(.text)
    DelayMs                                  0x080002cb   Thumb Code    18  delay.o(.text)
    TimingDelay_Decrement                    0x080002dd   Thumb Code    18  delay.o(.text)
    get_ms                                   0x080002ef   Thumb Code     2  delay.o(.text)
    uart1_init                               0x08000305   Thumb Code    98  uart1.o(.text)
    NVIC_uart1_Configuration                 0x08000367   Thumb Code    36  uart1.o(.text)
    fputc                                    0x0800038b   Thumb Code    32  uart1.o(.text)
    fgetc                                    0x080003ab   Thumb Code    26  uart1.o(.text)
    SystemInit                               0x0800049d   Thumb Code    78  system_stm32f10x.o(.text)
    SystemCoreClockUpdate                    0x080004eb   Thumb Code   142  system_stm32f10x.o(.text)
    adc1_init                                0x0800059d   Thumb Code   102  battery.o(.text)
    NVIC_adc1_Configuration                  0x08000603   Thumb Code    32  battery.o(.text)
    get_battery_voltage                      0x08000623   Thumb Code    24  battery.o(.text)
    timer2_init                              0x08000645   Thumb Code   144  encoder.o(.text)
    timer4_init                              0x080006d5   Thumb Code   138  encoder.o(.text)
    encoder_init                             0x0800075f   Thumb Code    12  encoder.o(.text)
    get_left_encoder_num                     0x0800076b   Thumb Code    12  encoder.o(.text)
    get_right_encoder_num                    0x08000777   Thumb Code    10  encoder.o(.text)
    NVIC_timer2_Configuration                0x08000781   Thumb Code    36  encoder.o(.text)
    NVIC_timer4_Configuration                0x080007a5   Thumb Code    36  encoder.o(.text)
    NVIC_encoder_Configuration               0x080007c9   Thumb Code    12  encoder.o(.text)
    led_init                                 0x080007e5   Thumb Code    40  led.o(.text)
    led_on                                   0x0800080d   Thumb Code    14  led.o(.text)
    led_off                                  0x0800081b   Thumb Code    14  led.o(.text)
    timer3_init                              0x0800082d   Thumb Code   128  motor.o(.text)
    motor_left_init                          0x080008ad   Thumb Code    32  motor.o(.text)
    motor_right_init                         0x080008cd   Thumb Code    32  motor.o(.text)
    motor_stop                               0x080008ed   Thumb Code    44  motor.o(.text)
    motor_init                               0x08000919   Thumb Code    36  motor.o(.text)
    set_motor_speed                          0x0800093d   Thumb Code   124  motor.o(.text)
    mpu_reg_dump                             0x08000a4b   Thumb Code    72  inv_mpu.o(.text)
    mpu_read_reg                             0x08000a93   Thumb Code    66  inv_mpu.o(.text)
    mpu_set_int_latched                      0x08000ad5   Thumb Code   102  inv_mpu.o(.text)
    mpu_set_sensors                          0x08000b3b   Thumb Code   202  inv_mpu.o(.text)
    mpu_set_bypass                           0x08000c05   Thumb Code   330  inv_mpu.o(.text)
    mpu_reset_fifo                           0x08000d4f   Thumb Code   454  inv_mpu.o(.text)
    mpu_configure_fifo                       0x08000f15   Thumb Code   106  inv_mpu.o(.text)
    mpu_set_lpf                              0x08000f7f   Thumb Code   126  inv_mpu.o(.text)
    mpu_lp_accel_mode                        0x08000ffd   Thumb Code   218  inv_mpu.o(.text)
    mpu_set_sample_rate                      0x080010d7   Thumb Code   152  inv_mpu.o(.text)
    mpu_set_accel_fsr                        0x0800116f   Thumb Code   130  inv_mpu.o(.text)
    mpu_set_gyro_fsr                         0x080011f1   Thumb Code   132  inv_mpu.o(.text)
    mpu_init                                 0x08001275   Thumb Code   420  inv_mpu.o(.text)
    mpu_get_gyro_reg                         0x08001419   Thumb Code   110  inv_mpu.o(.text)
    mpu_get_accel_reg                        0x08001487   Thumb Code   110  inv_mpu.o(.text)
    mpu_get_temperature                      0x080014f5   Thumb Code   150  inv_mpu.o(.text)
    mpu_set_accel_bias                       0x0800158b   Thumb Code   464  inv_mpu.o(.text)
    mpu_get_gyro_fsr                         0x0800175b   Thumb Code    64  inv_mpu.o(.text)
    mpu_get_accel_fsr                        0x0800179b   Thumb Code    72  inv_mpu.o(.text)
    mpu_get_lpf                              0x080017e3   Thumb Code    74  inv_mpu.o(.text)
    mpu_get_sample_rate                      0x0800182d   Thumb Code    26  inv_mpu.o(.text)
    mpu_get_compass_sample_rate              0x08001847   Thumb Code    10  inv_mpu.o(.text)
    mpu_set_compass_sample_rate              0x08001851   Thumb Code     8  inv_mpu.o(.text)
    mpu_get_gyro_sens                        0x08001859   Thumb Code    58  inv_mpu.o(.text)
    mpu_get_accel_sens                       0x08001893   Thumb Code    78  inv_mpu.o(.text)
    mpu_get_fifo_config                      0x080018e1   Thumb Code    12  inv_mpu.o(.text)
    mpu_get_power_state                      0x080018ed   Thumb Code    22  inv_mpu.o(.text)
    mpu_get_int_status                       0x08001903   Thumb Code    64  inv_mpu.o(.text)
    mpu_read_fifo                            0x08001943   Thumb Code   526  inv_mpu.o(.text)
    mpu_read_fifo_stream                     0x08001b51   Thumb Code   186  inv_mpu.o(.text)
    mpu_set_int_level                        0x08001c0b   Thumb Code    12  inv_mpu.o(.text)
    mpu_set_dmp_state                        0x0800230d   Thumb Code   138  inv_mpu.o(.text)
    mpu_run_self_test                        0x08002397   Thumb Code   278  inv_mpu.o(.text)
    mpu_write_mem                            0x080024ad   Thumb Code   122  inv_mpu.o(.text)
    mpu_read_mem                             0x08002527   Thumb Code   122  inv_mpu.o(.text)
    mpu_load_firmware                        0x080025a1   Thumb Code   188  inv_mpu.o(.text)
    mpu_get_dmp_state                        0x0800265d   Thumb Code    14  inv_mpu.o(.text)
    mpu_get_compass_reg                      0x0800266b   Thumb Code     8  inv_mpu.o(.text)
    mpu_get_compass_fsr                      0x08002673   Thumb Code     8  inv_mpu.o(.text)
    mpu_lp_motion_interrupt                  0x0800267b   Thumb Code   512  inv_mpu.o(.text)
    dmp_load_motion_driver_firmware          0x08002881   Thumb Code    20  inv_mpu_dmp_motion_driver.o(.text)
    dmp_set_orientation                      0x08002895   Thumb Code   290  inv_mpu_dmp_motion_driver.o(.text)
    dmp_set_gyro_bias                        0x080029b7   Thumb Code   310  inv_mpu_dmp_motion_driver.o(.text)
    dmp_set_accel_bias                       0x08002aed   Thumb Code   328  inv_mpu_dmp_motion_driver.o(.text)
    dmp_set_fifo_rate                        0x08002c35   Thumb Code   136  inv_mpu_dmp_motion_driver.o(.text)
    dmp_get_fifo_rate                        0x08002cbd   Thumb Code    12  inv_mpu_dmp_motion_driver.o(.text)
    dmp_set_tap_thresh                       0x08002cc9   Thumb Code   396  inv_mpu_dmp_motion_driver.o(.text)
    dmp_set_tap_axes                         0x08002e55   Thumb Code    70  inv_mpu_dmp_motion_driver.o(.text)
    dmp_set_tap_count                        0x08002e9b   Thumb Code    38  inv_mpu_dmp_motion_driver.o(.text)
    dmp_set_tap_time                         0x08002ec1   Thumb Code    38  inv_mpu_dmp_motion_driver.o(.text)
    dmp_set_tap_time_multi                   0x08002ee7   Thumb Code    38  inv_mpu_dmp_motion_driver.o(.text)
    dmp_set_shake_reject_thresh              0x08002f0d   Thumb Code    56  inv_mpu_dmp_motion_driver.o(.text)
    dmp_set_shake_reject_time                0x08002f45   Thumb Code    38  inv_mpu_dmp_motion_driver.o(.text)
    dmp_set_shake_reject_timeout             0x08002f6b   Thumb Code    38  inv_mpu_dmp_motion_driver.o(.text)
    dmp_get_pedometer_step_count             0x08002f91   Thumb Code    66  inv_mpu_dmp_motion_driver.o(.text)
    dmp_set_pedometer_step_count             0x08002fd3   Thumb Code    42  inv_mpu_dmp_motion_driver.o(.text)
    dmp_get_pedometer_walk_time              0x08002ffd   Thumb Code    72  inv_mpu_dmp_motion_driver.o(.text)
    dmp_set_pedometer_walk_time              0x08003045   Thumb Code    48  inv_mpu_dmp_motion_driver.o(.text)
    dmp_enable_6x_lp_quat                    0x08003075   Thumb Code    84  inv_mpu_dmp_motion_driver.o(.text)
    dmp_enable_lp_quat                       0x080030c9   Thumb Code    60  inv_mpu_dmp_motion_driver.o(.text)
    dmp_enable_gyro_cal                      0x08003105   Thumb Code    62  inv_mpu_dmp_motion_driver.o(.text)
    dmp_enable_feature                       0x08003143   Thumb Code   530  inv_mpu_dmp_motion_driver.o(.text)
    dmp_get_enabled_features                 0x08003355   Thumb Code    12  inv_mpu_dmp_motion_driver.o(.text)
    dmp_set_interrupt_mode                   0x080033bf   Thumb Code    66  inv_mpu_dmp_motion_driver.o(.text)
    dmp_read_fifo                            0x08003401   Thumb Code   512  inv_mpu_dmp_motion_driver.o(.text)
    dmp_register_tap_cb                      0x08003601   Thumb Code    10  inv_mpu_dmp_motion_driver.o(.text)
    dmp_register_android_orient_cb           0x0800360b   Thumb Code    10  inv_mpu_dmp_motion_driver.o(.text)
    mpu6050_init                             0x08003619   Thumb Code   158  mpu6050.o(.text)
    dmp_init                                 0x080037c9   Thumb Code   142  mpu6050.o(.text)
    read_dmp                                 0x08003857   Thumb Code  1120  mpu6050.o(.text)
    Read_Temperature                         0x08003cb7   Thumb Code   140  mpu6050.o(.text)
    i2c_init                                 0x08003d99   Thumb Code    32  i2c.o(.text)
    i2c_send_byte                            0x08003e55   Thumb Code   158  i2c.o(.text)
    i2c_read                                 0x08004007   Thumb Code   126  i2c.o(.text)
    i2c_read_byte                            0x08004085   Thumb Code    30  i2c.o(.text)
    i2c_write                                0x080040a3   Thumb Code    98  i2c.o(.text)
    NVIC_PriorityGroupConfig                 0x08004109   Thumb Code    10  misc.o(.text)
    NVIC_Init                                0x08004113   Thumb Code   118  misc.o(.text)
    NVIC_SetVectorTable                      0x08004189   Thumb Code    12  misc.o(.text)
    NVIC_SystemLPConfig                      0x08004195   Thumb Code    38  misc.o(.text)
    SysTick_CLKSourceConfig                  0x080041bb   Thumb Code    40  misc.o(.text)
    ADC_DeInit                               0x08004201   Thumb Code    78  stm32f10x_adc.o(.text)
    ADC_Init                                 0x0800424f   Thumb Code    70  stm32f10x_adc.o(.text)
    ADC_StructInit                           0x08004295   Thumb Code    18  stm32f10x_adc.o(.text)
    ADC_Cmd                                  0x080042a7   Thumb Code    22  stm32f10x_adc.o(.text)
    ADC_DMACmd                               0x080042bd   Thumb Code    22  stm32f10x_adc.o(.text)
    ADC_ITConfig                             0x080042d3   Thumb Code    24  stm32f10x_adc.o(.text)
    ADC_ResetCalibration                     0x080042eb   Thumb Code    10  stm32f10x_adc.o(.text)
    ADC_GetResetCalibrationStatus            0x080042f5   Thumb Code    20  stm32f10x_adc.o(.text)
    ADC_StartCalibration                     0x08004309   Thumb Code    10  stm32f10x_adc.o(.text)
    ADC_GetCalibrationStatus                 0x08004313   Thumb Code    20  stm32f10x_adc.o(.text)
    ADC_SoftwareStartConvCmd                 0x08004327   Thumb Code    22  stm32f10x_adc.o(.text)
    ADC_GetSoftwareStartConvStatus           0x0800433d   Thumb Code    20  stm32f10x_adc.o(.text)
    ADC_DiscModeChannelCountConfig           0x08004351   Thumb Code    24  stm32f10x_adc.o(.text)
    ADC_DiscModeCmd                          0x08004369   Thumb Code    22  stm32f10x_adc.o(.text)
    ADC_RegularChannelConfig                 0x0800437f   Thumb Code   184  stm32f10x_adc.o(.text)
    ADC_ExternalTrigConvCmd                  0x08004437   Thumb Code    22  stm32f10x_adc.o(.text)
    ADC_GetConversionValue                   0x0800444d   Thumb Code     8  stm32f10x_adc.o(.text)
    ADC_GetDualModeConversionValue           0x08004455   Thumb Code     6  stm32f10x_adc.o(.text)
    ADC_AutoInjectedConvCmd                  0x0800445b   Thumb Code    22  stm32f10x_adc.o(.text)
    ADC_InjectedDiscModeCmd                  0x08004471   Thumb Code    22  stm32f10x_adc.o(.text)
    ADC_ExternalTrigInjectedConvConfig       0x08004487   Thumb Code    16  stm32f10x_adc.o(.text)
    ADC_ExternalTrigInjectedConvCmd          0x08004497   Thumb Code    22  stm32f10x_adc.o(.text)
    ADC_SoftwareStartInjectedConvCmd         0x080044ad   Thumb Code    22  stm32f10x_adc.o(.text)
    ADC_GetSoftwareStartInjectedConvCmdStatus 0x080044c3   Thumb Code    20  stm32f10x_adc.o(.text)
    ADC_InjectedChannelConfig                0x080044d7   Thumb Code   130  stm32f10x_adc.o(.text)
    ADC_InjectedSequencerLengthConfig        0x08004559   Thumb Code    24  stm32f10x_adc.o(.text)
    ADC_SetInjectedOffset                    0x08004571   Thumb Code    12  stm32f10x_adc.o(.text)
    ADC_GetInjectedConversionValue           0x0800457d   Thumb Code    18  stm32f10x_adc.o(.text)
    ADC_AnalogWatchdogCmd                    0x0800458f   Thumb Code    16  stm32f10x_adc.o(.text)
    ADC_AnalogWatchdogThresholdsConfig       0x0800459f   Thumb Code     6  stm32f10x_adc.o(.text)
    ADC_AnalogWatchdogSingleChannelConfig    0x080045a5   Thumb Code    16  stm32f10x_adc.o(.text)
    ADC_TempSensorVrefintCmd                 0x080045b5   Thumb Code    34  stm32f10x_adc.o(.text)
    ADC_GetFlagStatus                        0x080045d7   Thumb Code    54  stm32f10x_adc.o(.text)
    ADC_ClearFlag                            0x0800460d   Thumb Code     6  stm32f10x_adc.o(.text)
    ADC_GetITStatus                          0x08004613   Thumb Code    36  stm32f10x_adc.o(.text)
    ADC_ClearITPendingBit                    0x08004637   Thumb Code    10  stm32f10x_adc.o(.text)
    GPIO_DeInit                              0x08004641   Thumb Code   172  stm32f10x_gpio.o(.text)
    GPIO_AFIODeInit                          0x080046ed   Thumb Code    20  stm32f10x_gpio.o(.text)
    GPIO_Init                                0x08004701   Thumb Code   274  stm32f10x_gpio.o(.text)
    GPIO_StructInit                          0x08004813   Thumb Code    16  stm32f10x_gpio.o(.text)
    GPIO_ReadInputDataBit                    0x08004823   Thumb Code    18  stm32f10x_gpio.o(.text)
    GPIO_ReadInputData                       0x08004835   Thumb Code     8  stm32f10x_gpio.o(.text)
    GPIO_ReadOutputDataBit                   0x0800483d   Thumb Code    18  stm32f10x_gpio.o(.text)
    GPIO_ReadOutputData                      0x0800484f   Thumb Code     8  stm32f10x_gpio.o(.text)
    GPIO_SetBits                             0x08004857   Thumb Code     4  stm32f10x_gpio.o(.text)
    GPIO_ResetBits                           0x0800485b   Thumb Code     4  stm32f10x_gpio.o(.text)
    GPIO_WriteBit                            0x0800485f   Thumb Code    10  stm32f10x_gpio.o(.text)
    GPIO_Write                               0x08004869   Thumb Code     4  stm32f10x_gpio.o(.text)
    GPIO_PinLockConfig                       0x0800486d   Thumb Code    18  stm32f10x_gpio.o(.text)
    GPIO_EventOutputConfig                   0x0800487f   Thumb Code    26  stm32f10x_gpio.o(.text)
    GPIO_EventOutputCmd                      0x08004899   Thumb Code     6  stm32f10x_gpio.o(.text)
    GPIO_PinRemapConfig                      0x0800489f   Thumb Code   138  stm32f10x_gpio.o(.text)
    GPIO_EXTILineConfig                      0x08004929   Thumb Code    66  stm32f10x_gpio.o(.text)
    GPIO_ETH_MediaInterfaceConfig            0x0800496b   Thumb Code     6  stm32f10x_gpio.o(.text)
    TIM_DeInit                               0x08004999   Thumb Code   424  stm32f10x_tim.o(.text)
    TIM_TimeBaseInit                         0x08004b41   Thumb Code   122  stm32f10x_tim.o(.text)
    TIM_OC1Init                              0x08004bbb   Thumb Code   132  stm32f10x_tim.o(.text)
    TIM_OC2Init                              0x08004c3f   Thumb Code   146  stm32f10x_tim.o(.text)
    TIM_OC3Init                              0x08004cd1   Thumb Code   142  stm32f10x_tim.o(.text)
    TIM_OC4Init                              0x08004d5f   Thumb Code   172  stm32f10x_tim.o(.text)
    TIM_SetIC4Prescaler                      0x08004e0b   Thumb Code    22  stm32f10x_tim.o(.text)
    TIM_SetIC3Prescaler                      0x08004e97   Thumb Code    18  stm32f10x_tim.o(.text)
    TIM_SetIC2Prescaler                      0x08004f1b   Thumb Code    22  stm32f10x_tim.o(.text)
    TIM_SetIC1Prescaler                      0x08004fa7   Thumb Code    18  stm32f10x_tim.o(.text)
    TIM_ICInit                               0x08005023   Thumb Code   150  stm32f10x_tim.o(.text)
    TIM_PWMIConfig                           0x080050b9   Thumb Code   124  stm32f10x_tim.o(.text)
    TIM_BDTRConfig                           0x08005135   Thumb Code    32  stm32f10x_tim.o(.text)
    TIM_TimeBaseStructInit                   0x08005155   Thumb Code    18  stm32f10x_tim.o(.text)
    TIM_OCStructInit                         0x08005167   Thumb Code    20  stm32f10x_tim.o(.text)
    TIM_ICStructInit                         0x0800517b   Thumb Code    18  stm32f10x_tim.o(.text)
    TIM_BDTRStructInit                       0x0800518d   Thumb Code    18  stm32f10x_tim.o(.text)
    TIM_Cmd                                  0x0800519f   Thumb Code    24  stm32f10x_tim.o(.text)
    TIM_CtrlPWMOutputs                       0x080051b7   Thumb Code    52  stm32f10x_tim.o(.text)
    TIM_ITConfig                             0x080051eb   Thumb Code    24  stm32f10x_tim.o(.text)
    TIM_GenerateEvent                        0x08005203   Thumb Code     4  stm32f10x_tim.o(.text)
    TIM_DMAConfig                            0x08005207   Thumb Code    10  stm32f10x_tim.o(.text)
    TIM_DMACmd                               0x08005211   Thumb Code    24  stm32f10x_tim.o(.text)
    TIM_InternalClockConfig                  0x08005229   Thumb Code    12  stm32f10x_tim.o(.text)
    TIM_SelectInputTrigger                   0x08005235   Thumb Code    18  stm32f10x_tim.o(.text)
    TIM_ITRxExternalClockConfig              0x08005247   Thumb Code    24  stm32f10x_tim.o(.text)
    TIM_TIxExternalClockConfig               0x0800525f   Thumb Code    62  stm32f10x_tim.o(.text)
    TIM_ETRConfig                            0x0800529d   Thumb Code    24  stm32f10x_tim.o(.text)
    TIM_ETRClockMode1Config                  0x080052b5   Thumb Code    54  stm32f10x_tim.o(.text)
    TIM_ETRClockMode2Config                  0x080052eb   Thumb Code    32  stm32f10x_tim.o(.text)
    TIM_PrescalerConfig                      0x0800530b   Thumb Code     6  stm32f10x_tim.o(.text)
    TIM_CounterModeConfig                    0x08005311   Thumb Code    18  stm32f10x_tim.o(.text)
    TIM_EncoderInterfaceConfig               0x08005323   Thumb Code    62  stm32f10x_tim.o(.text)
    TIM_ForcedOC1Config                      0x08005361   Thumb Code    18  stm32f10x_tim.o(.text)
    TIM_ForcedOC2Config                      0x08005373   Thumb Code    22  stm32f10x_tim.o(.text)
    TIM_ForcedOC3Config                      0x08005389   Thumb Code    18  stm32f10x_tim.o(.text)
    TIM_ForcedOC4Config                      0x0800539b   Thumb Code    22  stm32f10x_tim.o(.text)
    TIM_ARRPreloadConfig                     0x080053b1   Thumb Code    24  stm32f10x_tim.o(.text)
    TIM_SelectCOM                            0x080053c9   Thumb Code    24  stm32f10x_tim.o(.text)
    TIM_SelectCCDMA                          0x080053e1   Thumb Code    24  stm32f10x_tim.o(.text)
    TIM_CCPreloadControl                     0x080053f9   Thumb Code    24  stm32f10x_tim.o(.text)
    TIM_OC1PreloadConfig                     0x08005411   Thumb Code    18  stm32f10x_tim.o(.text)
    TIM_OC2PreloadConfig                     0x08005423   Thumb Code    22  stm32f10x_tim.o(.text)
    TIM_OC3PreloadConfig                     0x08005439   Thumb Code    18  stm32f10x_tim.o(.text)
    TIM_OC4PreloadConfig                     0x0800544b   Thumb Code    22  stm32f10x_tim.o(.text)
    TIM_OC1FastConfig                        0x08005461   Thumb Code    18  stm32f10x_tim.o(.text)
    TIM_OC2FastConfig                        0x08005473   Thumb Code    22  stm32f10x_tim.o(.text)
    TIM_OC3FastConfig                        0x08005489   Thumb Code    18  stm32f10x_tim.o(.text)
    TIM_OC4FastConfig                        0x0800549b   Thumb Code    22  stm32f10x_tim.o(.text)
    TIM_ClearOC1Ref                          0x080054b1   Thumb Code    18  stm32f10x_tim.o(.text)
    TIM_ClearOC2Ref                          0x080054c3   Thumb Code    20  stm32f10x_tim.o(.text)
    TIM_ClearOC3Ref                          0x080054d7   Thumb Code    18  stm32f10x_tim.o(.text)
    TIM_ClearOC4Ref                          0x080054e9   Thumb Code    20  stm32f10x_tim.o(.text)
    TIM_OC1PolarityConfig                    0x080054fd   Thumb Code    18  stm32f10x_tim.o(.text)
    TIM_OC1NPolarityConfig                   0x0800550f   Thumb Code    18  stm32f10x_tim.o(.text)
    TIM_OC2PolarityConfig                    0x08005521   Thumb Code    22  stm32f10x_tim.o(.text)
    TIM_OC2NPolarityConfig                   0x08005537   Thumb Code    22  stm32f10x_tim.o(.text)
    TIM_OC3PolarityConfig                    0x0800554d   Thumb Code    22  stm32f10x_tim.o(.text)
    TIM_OC3NPolarityConfig                   0x08005563   Thumb Code    22  stm32f10x_tim.o(.text)
    TIM_OC4PolarityConfig                    0x08005579   Thumb Code    22  stm32f10x_tim.o(.text)
    TIM_CCxCmd                               0x0800558f   Thumb Code    34  stm32f10x_tim.o(.text)
    TIM_CCxNCmd                              0x080055b1   Thumb Code    34  stm32f10x_tim.o(.text)
    TIM_SelectOCxM                           0x080055d3   Thumb Code    82  stm32f10x_tim.o(.text)
    TIM_UpdateDisableConfig                  0x08005625   Thumb Code    24  stm32f10x_tim.o(.text)
    TIM_UpdateRequestConfig                  0x0800563d   Thumb Code    24  stm32f10x_tim.o(.text)
    TIM_SelectHallSensor                     0x08005655   Thumb Code    24  stm32f10x_tim.o(.text)
    TIM_SelectOnePulseMode                   0x0800566d   Thumb Code    18  stm32f10x_tim.o(.text)
    TIM_SelectOutputTrigger                  0x0800567f   Thumb Code    18  stm32f10x_tim.o(.text)
    TIM_SelectSlaveMode                      0x08005691   Thumb Code    18  stm32f10x_tim.o(.text)
    TIM_SelectMasterSlaveMode                0x080056a3   Thumb Code    18  stm32f10x_tim.o(.text)
    TIM_SetCounter                           0x080056b5   Thumb Code     4  stm32f10x_tim.o(.text)
    TIM_SetAutoreload                        0x080056b9   Thumb Code     4  stm32f10x_tim.o(.text)
    TIM_SetCompare1                          0x080056bd   Thumb Code     4  stm32f10x_tim.o(.text)
    TIM_SetCompare2                          0x080056c1   Thumb Code     4  stm32f10x_tim.o(.text)
    TIM_SetCompare3                          0x080056c5   Thumb Code     4  stm32f10x_tim.o(.text)
    TIM_SetCompare4                          0x080056c9   Thumb Code     6  stm32f10x_tim.o(.text)
    TIM_SetClockDivision                     0x080056cf   Thumb Code    18  stm32f10x_tim.o(.text)
    TIM_GetCapture1                          0x080056e1   Thumb Code     6  stm32f10x_tim.o(.text)
    TIM_GetCapture2                          0x080056e7   Thumb Code     6  stm32f10x_tim.o(.text)
    TIM_GetCapture3                          0x080056ed   Thumb Code     6  stm32f10x_tim.o(.text)
    TIM_GetCapture4                          0x080056f3   Thumb Code     8  stm32f10x_tim.o(.text)
    TIM_GetCounter                           0x080056fb   Thumb Code     6  stm32f10x_tim.o(.text)
    TIM_GetPrescaler                         0x08005701   Thumb Code     6  stm32f10x_tim.o(.text)
    TIM_GetFlagStatus                        0x08005707   Thumb Code    18  stm32f10x_tim.o(.text)
    TIM_ClearFlag                            0x08005719   Thumb Code     6  stm32f10x_tim.o(.text)
    TIM_GetITStatus                          0x0800571f   Thumb Code    34  stm32f10x_tim.o(.text)
    TIM_ClearITPendingBit                    0x08005741   Thumb Code     6  stm32f10x_tim.o(.text)
    USART_DeInit                             0x08005749   Thumb Code   134  stm32f10x_usart.o(.text)
    USART_Init                               0x080057cf   Thumb Code   210  stm32f10x_usart.o(.text)
    USART_StructInit                         0x080058a1   Thumb Code    24  stm32f10x_usart.o(.text)
    USART_ClockInit                          0x080058b9   Thumb Code    34  stm32f10x_usart.o(.text)
    USART_ClockStructInit                    0x080058db   Thumb Code    12  stm32f10x_usart.o(.text)
    USART_Cmd                                0x080058e7   Thumb Code    24  stm32f10x_usart.o(.text)
    USART_ITConfig                           0x080058ff   Thumb Code    74  stm32f10x_usart.o(.text)
    USART_DMACmd                             0x08005949   Thumb Code    24  stm32f10x_usart.o(.text)
    USART_SetAddress                         0x08005961   Thumb Code    18  stm32f10x_usart.o(.text)
    USART_WakeUpConfig                       0x08005973   Thumb Code    18  stm32f10x_usart.o(.text)
    USART_ReceiverWakeUpCmd                  0x08005985   Thumb Code    24  stm32f10x_usart.o(.text)
    USART_LINBreakDetectLengthConfig         0x0800599d   Thumb Code    18  stm32f10x_usart.o(.text)
    USART_LINCmd                             0x080059af   Thumb Code    24  stm32f10x_usart.o(.text)
    USART_SendData                           0x080059c7   Thumb Code     8  stm32f10x_usart.o(.text)
    USART_ReceiveData                        0x080059cf   Thumb Code    10  stm32f10x_usart.o(.text)
    USART_SendBreak                          0x080059d9   Thumb Code    10  stm32f10x_usart.o(.text)
    USART_SetGuardTime                       0x080059e3   Thumb Code    16  stm32f10x_usart.o(.text)
    USART_SetPrescaler                       0x080059f3   Thumb Code    16  stm32f10x_usart.o(.text)
    USART_SmartCardCmd                       0x08005a03   Thumb Code    24  stm32f10x_usart.o(.text)
    USART_SmartCardNACKCmd                   0x08005a1b   Thumb Code    24  stm32f10x_usart.o(.text)
    USART_HalfDuplexCmd                      0x08005a33   Thumb Code    24  stm32f10x_usart.o(.text)
    USART_OverSampling8Cmd                   0x08005a4b   Thumb Code    22  stm32f10x_usart.o(.text)
    USART_OneBitMethodCmd                    0x08005a61   Thumb Code    24  stm32f10x_usart.o(.text)
    USART_IrDAConfig                         0x08005a79   Thumb Code    18  stm32f10x_usart.o(.text)
    USART_IrDACmd                            0x08005a8b   Thumb Code    24  stm32f10x_usart.o(.text)
    USART_GetFlagStatus                      0x08005aa3   Thumb Code    26  stm32f10x_usart.o(.text)
    USART_ClearFlag                          0x08005abd   Thumb Code    18  stm32f10x_usart.o(.text)
    USART_GetITStatus                        0x08005acf   Thumb Code    84  stm32f10x_usart.o(.text)
    USART_ClearITPendingBit                  0x08005b23   Thumb Code    50  stm32f10x_usart.o(.text)
    RCC_DeInit                               0x08005b55   Thumb Code    64  stm32f10x_rcc.o(.text)
    RCC_HSEConfig                            0x08005b95   Thumb Code    70  stm32f10x_rcc.o(.text)
    RCC_GetFlagStatus                        0x08005bdb   Thumb Code    56  stm32f10x_rcc.o(.text)
    RCC_WaitForHSEStartUp                    0x08005c13   Thumb Code    48  stm32f10x_rcc.o(.text)
    RCC_AdjustHSICalibrationValue            0x08005c43   Thumb Code    20  stm32f10x_rcc.o(.text)
    RCC_HSICmd                               0x08005c57   Thumb Code     6  stm32f10x_rcc.o(.text)
    RCC_PLLConfig                            0x08005c5d   Thumb Code    24  stm32f10x_rcc.o(.text)
    RCC_PLLCmd                               0x08005c75   Thumb Code     6  stm32f10x_rcc.o(.text)
    RCC_SYSCLKConfig                         0x08005c7b   Thumb Code    18  stm32f10x_rcc.o(.text)
    RCC_GetSYSCLKSource                      0x08005c8d   Thumb Code    10  stm32f10x_rcc.o(.text)
    RCC_HCLKConfig                           0x08005c97   Thumb Code    18  stm32f10x_rcc.o(.text)
    RCC_PCLK1Config                          0x08005ca9   Thumb Code    18  stm32f10x_rcc.o(.text)
    RCC_PCLK2Config                          0x08005cbb   Thumb Code    20  stm32f10x_rcc.o(.text)
    RCC_ITConfig                             0x08005ccf   Thumb Code    30  stm32f10x_rcc.o(.text)
    RCC_USBCLKConfig                         0x08005ced   Thumb Code     6  stm32f10x_rcc.o(.text)
    RCC_ADCCLKConfig                         0x08005cf3   Thumb Code    18  stm32f10x_rcc.o(.text)
    RCC_LSEConfig                            0x08005d05   Thumb Code    44  stm32f10x_rcc.o(.text)
    RCC_LSICmd                               0x08005d31   Thumb Code     6  stm32f10x_rcc.o(.text)
    RCC_RTCCLKConfig                         0x08005d37   Thumb Code    12  stm32f10x_rcc.o(.text)
    RCC_RTCCLKCmd                            0x08005d43   Thumb Code     6  stm32f10x_rcc.o(.text)
    RCC_GetClocksFreq                        0x08005d49   Thumb Code   192  stm32f10x_rcc.o(.text)
    RCC_AHBPeriphClockCmd                    0x08005e09   Thumb Code    26  stm32f10x_rcc.o(.text)
    RCC_APB2PeriphClockCmd                   0x08005e23   Thumb Code    26  stm32f10x_rcc.o(.text)
    RCC_APB1PeriphClockCmd                   0x08005e3d   Thumb Code    26  stm32f10x_rcc.o(.text)
    RCC_APB2PeriphResetCmd                   0x08005e57   Thumb Code    26  stm32f10x_rcc.o(.text)
    RCC_APB1PeriphResetCmd                   0x08005e71   Thumb Code    26  stm32f10x_rcc.o(.text)
    RCC_BackupResetCmd                       0x08005e8b   Thumb Code     6  stm32f10x_rcc.o(.text)
    RCC_ClockSecuritySystemCmd               0x08005e91   Thumb Code     6  stm32f10x_rcc.o(.text)
    RCC_MCOConfig                            0x08005e97   Thumb Code     6  stm32f10x_rcc.o(.text)
    RCC_ClearFlag                            0x08005e9d   Thumb Code    14  stm32f10x_rcc.o(.text)
    RCC_GetITStatus                          0x08005eab   Thumb Code    20  stm32f10x_rcc.o(.text)
    RCC_ClearITPendingBit                    0x08005ebf   Thumb Code     6  stm32f10x_rcc.o(.text)
    NMI_Handler                              0x08005ef9   Thumb Code     2  stm32f10x_it.o(.text)
    HardFault_Handler                        0x08005efb   Thumb Code     4  stm32f10x_it.o(.text)
    MemManage_Handler                        0x08005eff   Thumb Code     4  stm32f10x_it.o(.text)
    BusFault_Handler                         0x08005f03   Thumb Code     4  stm32f10x_it.o(.text)
    UsageFault_Handler                       0x08005f07   Thumb Code     4  stm32f10x_it.o(.text)
    SVC_Handler                              0x08005f0b   Thumb Code     2  stm32f10x_it.o(.text)
    DebugMon_Handler                         0x08005f0d   Thumb Code     2  stm32f10x_it.o(.text)
    PendSV_Handler                           0x08005f0f   Thumb Code     2  stm32f10x_it.o(.text)
    SysTick_Handler                          0x08005f11   Thumb Code     8  stm32f10x_it.o(.text)
    USART1_IRQHandler                        0x08005f19   Thumb Code   112  stm32f10x_it.o(.text)
    TIM2_IRQHandler                          0x08005f89   Thumb Code    12  stm32f10x_it.o(.text)
    TIM4_IRQHandler                          0x08005f95   Thumb Code    12  stm32f10x_it.o(.text)
    ADC1_2_IRQHandler                        0x08005fa1   Thumb Code    24  stm32f10x_it.o(.text)
    main                                     0x08005fe5   Thumb Code   178  main.o(.text)
    __aeabi_llsl                             0x080060cd   Thumb Code     0  llshl.o(.text)
    _ll_shift_l                              0x080060cd   Thumb Code    38  llshl.o(.text)
    __aeabi_lasr                             0x080060f3   Thumb Code     0  llsshr.o(.text)
    _ll_sshift_r                             0x080060f3   Thumb Code    38  llsshr.o(.text)
    __aeabi_ldivmod                          0x08006119   Thumb Code     0  llsdiv.o(.text)
    _ll_sdiv                                 0x08006119   Thumb Code    72  llsdiv.o(.text)
    __2printf                                0x08006161   Thumb Code    20  noretval__2printf.o(.text)
    __2sprintf                               0x08006179   Thumb Code    34  noretval__2sprintf.o(.text)
    __printf                                 0x080061a1   Thumb Code   106  __printf.o(.text)
    _printf_str                              0x0800620b   Thumb Code    82  _printf_str.o(.text)
    _printf_int_dec                          0x0800625d   Thumb Code    98  _printf_dec.o(.text)
    memcmp                                   0x080062d1   Thumb Code    78  memcmp.o(.text)
    __aeabi_memset                           0x0800631f   Thumb Code    16  aeabi_memset.o(.text)
    strcmp                                   0x08006331   Thumb Code   128  strcmpv7m.o(.text)
    __use_two_region_memory                  0x080063b1   Thumb Code     2  heapauxi.o(.text)
    __rt_heap_escrow                         0x080063b3   Thumb Code     2  heapauxi.o(.text)
    __rt_heap_expand                         0x080063b5   Thumb Code     2  heapauxi.o(.text)
    __aeabi_uldivmod                         0x080063b7   Thumb Code     0  lludivv7m.o(.text)
    _ll_udiv                                 0x080063b7   Thumb Code   238  lludivv7m.o(.text)
    __read_errno                             0x080064a5   Thumb Code    10  _rserrno.o(.text)
    __set_errno                              0x080064af   Thumb Code    12  _rserrno.o(.text)
    _printf_int_common                       0x080064bb   Thumb Code   180  _printf_intcommon.o(.text)
    __lib_sel_fp_printf                      0x0800656f   Thumb Code     2  _printf_fp_dec.o(.text)
    _printf_fp_dec_real                      0x08006715   Thumb Code   616  _printf_fp_dec.o(.text)
    _printf_char_common                      0x08006987   Thumb Code    32  _printf_char_common.o(.text)
    _sputc                                   0x080069ad   Thumb Code    10  _sputc.o(.text)
    _printf_cs_common                        0x080069b7   Thumb Code    20  _printf_char.o(.text)
    _printf_char                             0x080069cb   Thumb Code    16  _printf_char.o(.text)
    _printf_string                           0x080069db   Thumb Code     8  _printf_char.o(.text)
    _printf_char_file                        0x080069e5   Thumb Code    32  _printf_char_file.o(.text)
    __aeabi_memclr                           0x08006a09   Thumb Code     0  rt_memclr.o(.text)
    __rt_memclr                              0x08006a09   Thumb Code    68  rt_memclr.o(.text)
    _memset                                  0x08006a0d   Thumb Code     0  rt_memclr.o(.text)
    __rt_udiv10                              0x08006a4d   Thumb Code    16  rtudiv10.o(.text)
    __rt_locale                              0x08006a5d   Thumb Code    12  rt_locale_intlibspace.o(.text)
    __aeabi_errno_addr                       0x08006a69   Thumb Code    12  rt_errno_addr_intlibspace.o(.text)
    __errno$intlibspace                      0x08006a69   Thumb Code     0  rt_errno_addr_intlibspace.o(.text)
    __rt_errno_addr$intlibspace              0x08006a69   Thumb Code     0  rt_errno_addr_intlibspace.o(.text)
    _ll_udiv10                               0x08006a75   Thumb Code   138  lludiv10.o(.text)
    _printf_fp_infnan                        0x08006b01   Thumb Code   108  _printf_fp_infnan.o(.text)
    _btod_etento                             0x08006b7d   Thumb Code   230  bigflt0.o(.text)
    ferror                                   0x08006c69   Thumb Code     8  ferror.o(.text)
    _initio                                  0x08006c71   Thumb Code   210  initio.o(.text)
    _terminateio                             0x08006d43   Thumb Code    56  initio.o(.text)
    __aeabi_memclr4                          0x08006da9   Thumb Code     0  rt_memclr_w.o(.text)
    __aeabi_memclr8                          0x08006da9   Thumb Code     0  rt_memclr_w.o(.text)
    __rt_memclr_w                            0x08006da9   Thumb Code    78  rt_memclr_w.o(.text)
    _memset_w                                0x08006dad   Thumb Code     0  rt_memclr_w.o(.text)
    _sys_open                                0x08006df7   Thumb Code    20  sys_io.o(.text)
    _sys_close                               0x08006e0b   Thumb Code    12  sys_io.o(.text)
    _sys_write                               0x08006e17   Thumb Code    16  sys_io.o(.text)
    _sys_read                                0x08006e27   Thumb Code    14  sys_io.o(.text)
    _sys_istty                               0x08006e35   Thumb Code    12  sys_io.o(.text)
    _sys_seek                                0x08006e41   Thumb Code    14  sys_io.o(.text)
    _sys_ensure                              0x08006e4f   Thumb Code     2  sys_io.o(.text)
    _sys_flen                                0x08006e51   Thumb Code    12  sys_io.o(.text)
    __user_libspace                          0x08006e5d   Thumb Code     8  libspace.o(.text)
    __user_perproc_libspace                  0x08006e5d   Thumb Code     0  libspace.o(.text)
    __user_perthread_libspace                0x08006e5d   Thumb Code     0  libspace.o(.text)
    __user_setup_stackheap                   0x08006e65   Thumb Code    74  sys_stackheap_outer.o(.text)
    free                                     0x08006eaf   Thumb Code    78  h1_free.o(.text)
    setvbuf                                  0x08006efd   Thumb Code    70  setvbuf.o(.text)
    freopen                                  0x08006f45   Thumb Code   158  fopen.o(.text)
    fopen                                    0x08006fe3   Thumb Code    68  fopen.o(.text)
    _fclose_internal                         0x0800702d   Thumb Code    76  fclose.o(.text)
    fclose                                   0x0800702d   Thumb Code     0  fclose.o(.text)
    exit                                     0x08007079   Thumb Code    12  exit.o(.text)
    __rt_SIGRTRED                            0x08007085   Thumb Code    14  defsig_rtred_outer.o(.text)
    __I$use$semihosting                      0x08007093   Thumb Code     0  use_no_semi.o(.text)
    __use_no_semihosting_swi                 0x08007093   Thumb Code     2  use_no_semi.o(.text)
    __rt_heap_descriptor                     0x08007095   Thumb Code    12  rt_heap_descriptor_intlibspace.o(.text)
    __use_no_heap                            0x080070a1   Thumb Code     2  hguard.o(.text)
    __heap$guard                             0x080070a3   Thumb Code     2  hguard.o(.text)
    _terminate_user_alloc                    0x080070a5   Thumb Code     2  init_alloc.o(.text)
    _init_user_alloc                         0x080070a7   Thumb Code     2  init_alloc.o(.text)
    __Heap_Full                              0x080070a9   Thumb Code    34  init_alloc.o(.text)
    __Heap_Broken                            0x080070cb   Thumb Code     6  init_alloc.o(.text)
    _init_alloc                              0x080070d1   Thumb Code    94  init_alloc.o(.text)
    malloc                                   0x0800712f   Thumb Code   100  h1_alloc.o(.text)
    _fseek                                   0x08007195   Thumb Code   244  fseek.o(.text)
    fseek                                    0x08007195   Thumb Code     0  fseek.o(.text)
    _seterr                                  0x0800728d   Thumb Code    20  stdio.o(.text)
    _writebuf                                0x080072a1   Thumb Code    84  stdio.o(.text)
    _fflush                                  0x080072f5   Thumb Code    70  stdio.o(.text)
    _deferredlazyseek                        0x0800733b   Thumb Code    60  stdio.o(.text)
    __sig_exit                               0x0800737d   Thumb Code    10  defsig_exit.o(.text)
    __rt_SIGRTRED_inner                      0x08007389   Thumb Code    14  defsig_rtred_inner.o(.text)
    strlen                                   0x080073bd   Thumb Code    62  strlen.o(.text)
    _sys_exit                                0x080073fd   Thumb Code     8  sys_exit.o(.text)
    __rt_fp_status_addr                      0x08007409   Thumb Code    12  rt_fp_status_addr_intlibspace.o(.text)
    __Heap_Initialize                        0x08007415   Thumb Code    10  h1_init.o(.text)
    __Heap_DescSize                          0x0800741f   Thumb Code     4  h1_init.o(.text)
    __Heap_ProvideMemory                     0x08007423   Thumb Code    50  h1_extend.o(.text)
    _ftell_internal                          0x08007455   Thumb Code    70  ftell.o(.text)
    ftell                                    0x08007455   Thumb Code     0  ftell.o(.text)
    __default_signal_display                 0x0800749b   Thumb Code    50  defsig_general.o(.text)
    __rt_SIGRTMEM                            0x080074cd   Thumb Code    14  defsig_rtmem_outer.o(.text)
    _ttywrch                                 0x080074db   Thumb Code    14  sys_wrch.o(.text)
    __rt_SIGRTMEM_inner                      0x080074e9   Thumb Code    20  defsig_rtmem_inner.o(.text)
    _btod_d2e                                0x08007535   Thumb Code    62  btod.o(CL$$btod_d2e)
    _d2e_denorm_low                          0x08007573   Thumb Code    70  btod.o(CL$$btod_d2e_denorm_low)
    _d2e_norm_op1                            0x080075b9   Thumb Code    96  btod.o(CL$$btod_d2e_norm_op1)
    __btod_div_common                        0x08007619   Thumb Code   696  btod.o(CL$$btod_div_common)
    _e2e                                     0x08007951   Thumb Code   198  btod.o(CL$$btod_e2e)
    _btod_ediv                               0x08007a17   Thumb Code    40  btod.o(CL$$btod_ediv)
    _btod_emul                               0x08007a3f   Thumb Code    40  btod.o(CL$$btod_emul)
    __btod_mult_common                       0x08007a67   Thumb Code   580  btod.o(CL$$btod_mult_common)
    __ARM_fpclassify                         0x08007cab   Thumb Code    40  fpclassify.o(i.__ARM_fpclassify)
    __kernel_poly                            0x08007cd3   Thumb Code   170  poly.o(i.__kernel_poly)
    __mathlib_dbl_underflow                  0x08007d7d   Thumb Code    10  dunder.o(i.__mathlib_dbl_underflow)
    asin                                     0x08007d8d   Thumb Code   586  asin.o(i.asin)
    atan                                     0x0800800d   Thumb Code   480  atan.o(i.atan)
    atan2                                    0x08008231   Thumb Code   346  atan2.o(i.atan2)
    sqrt                                     0x080083b1   Thumb Code    74  sqrt.o(i.sqrt)
    _get_lc_numeric                          0x080083fd   Thumb Code    44  lc_numeric_c.o(locale$$code)
    __aeabi_d2f                              0x08008429   Thumb Code     0  d2f.o(x$fpl$d2f)
    _d2f                                     0x08008429   Thumb Code    98  d2f.o(x$fpl$d2f)
    __aeabi_dadd                             0x0800848d   Thumb Code     0  daddsub_clz.o(x$fpl$dadd)
    _dadd                                    0x0800848d   Thumb Code   328  daddsub_clz.o(x$fpl$dadd)
    __fpl_dcheck_NaN1                        0x080085d9   Thumb Code    10  dcheck1.o(x$fpl$dcheck1)
    __aeabi_ddiv                             0x080085e9   Thumb Code     0  ddiv.o(x$fpl$ddiv)
    _ddiv                                    0x080085e9   Thumb Code   552  ddiv.o(x$fpl$ddiv)
    __aeabi_dmul                             0x08008899   Thumb Code     0  dmul.o(x$fpl$dmul)
    _dmul                                    0x08008899   Thumb Code   332  dmul.o(x$fpl$dmul)
    __fpl_dnaninf                            0x080089ed   Thumb Code   156  dnaninf.o(x$fpl$dnaninf)
    __fpl_dretinf                            0x08008a89   Thumb Code    12  dretinf.o(x$fpl$dretinf)
    __aeabi_drsub                            0x08008a95   Thumb Code     0  daddsub_clz.o(x$fpl$drsb)
    _drsb                                    0x08008a95   Thumb Code    22  daddsub_clz.o(x$fpl$drsb)
    _dsqrt                                   0x08008aad   Thumb Code   456  dsqrt_noumaal.o(x$fpl$dsqrt)
    __aeabi_dsub                             0x08008c79   Thumb Code     0  daddsub_clz.o(x$fpl$dsub)
    _dsub                                    0x08008c79   Thumb Code   464  daddsub_clz.o(x$fpl$dsub)
    __aeabi_f2d                              0x08008e4d   Thumb Code     0  f2d.o(x$fpl$f2d)
    _f2d                                     0x08008e4d   Thumb Code    86  f2d.o(x$fpl$f2d)
    __aeabi_fadd                             0x08008ea5   Thumb Code     0  faddsub_clz.o(x$fpl$fadd)
    _fadd                                    0x08008ea5   Thumb Code   196  faddsub_clz.o(x$fpl$fadd)
    __fpl_fcmp_Inf                           0x08008f69   Thumb Code    24  fcmpi.o(x$fpl$fcmpinf)
    __aeabi_fdiv                             0x08008f81   Thumb Code     0  fdiv.o(x$fpl$fdiv)
    _fdiv                                    0x08008f81   Thumb Code   384  fdiv.o(x$fpl$fdiv)
    __aeabi_cfcmpeq                          0x08009105   Thumb Code     0  feqf.o(x$fpl$feqf)
    _fcmpeq                                  0x08009105   Thumb Code   104  feqf.o(x$fpl$feqf)
    __aeabi_f2iz                             0x0800916d   Thumb Code     0  ffix.o(x$fpl$ffix)
    _ffix                                    0x0800916d   Thumb Code    54  ffix.o(x$fpl$ffix)
    __aeabi_f2uiz                            0x080091a5   Thumb Code     0  ffixu.o(x$fpl$ffixu)
    _ffixu                                   0x080091a5   Thumb Code    62  ffixu.o(x$fpl$ffixu)
    __aeabi_i2f                              0x080091e5   Thumb Code     0  fflt_clz.o(x$fpl$fflt)
    _fflt                                    0x080091e5   Thumb Code    48  fflt_clz.o(x$fpl$fflt)
    __aeabi_ui2f                             0x08009215   Thumb Code     0  fflt_clz.o(x$fpl$ffltu)
    _ffltu                                   0x08009215   Thumb Code    38  fflt_clz.o(x$fpl$ffltu)
    __aeabi_cfcmple                          0x0800923d   Thumb Code     0  fleqf.o(x$fpl$fleqf)
    _fcmple                                  0x0800923d   Thumb Code   104  fleqf.o(x$fpl$fleqf)
    __fpl_fcmple_InfNaN                      0x0800928f   Thumb Code     0  fleqf.o(x$fpl$fleqf)
    __aeabi_fmul                             0x080092a5   Thumb Code     0  fmul.o(x$fpl$fmul)
    _fmul                                    0x080092a5   Thumb Code   258  fmul.o(x$fpl$fmul)
    __fpl_fnaninf                            0x080093a7   Thumb Code   140  fnaninf.o(x$fpl$fnaninf)
    _fp_init                                 0x08009433   Thumb Code    14  fpinit.o(x$fpl$fpinit)
    __fplib_config_pureend_doubles           0x0800943f   Thumb Code     0  fpinit.o(x$fpl$fpinit)
    __fpl_fretinf                            0x08009441   Thumb Code    10  fretinf.o(x$fpl$fretinf)
    __aeabi_cfrcmple                         0x0800944b   Thumb Code     0  frleqf.o(x$fpl$frleqf)
    _frcmple                                 0x0800944b   Thumb Code    98  frleqf.o(x$fpl$frleqf)
    __aeabi_fsub                             0x080094ad   Thumb Code     0  faddsub_clz.o(x$fpl$fsub)
    _fsub                                    0x080094ad   Thumb Code   234  faddsub_clz.o(x$fpl$fsub)
    _printf_fp_dec                           0x08009597   Thumb Code     4  printf1.o(x$fpl$printf1)
    __fpl_return_NaN                         0x0800959b   Thumb Code   100  retnan.o(x$fpl$retnan)
    __ARM_scalbn                             0x080095ff   Thumb Code     0  scalbn.o(x$fpl$scalbn)
    scalbn                                   0x080095ff   Thumb Code    96  scalbn.o(x$fpl$scalbn)
    __fpl_inf_scalbn                         0x0800965d   Thumb Code     0  scalbn.o(x$fpl$scalbn)
    __fpl_cmpreturn                          0x0800965f   Thumb Code    48  trapv.o(x$fpl$trapveneer)
    __I$use$fp                               0x0800968f   Thumb Code     0  usenofp.o(x$fpl$usenofp)
    hw                                       0x08009690   Data          12  inv_mpu.o(.constdata)
    reg                                      0x0800969c   Data          27  inv_mpu.o(.constdata)
    test                                     0x080096b8   Data          40  inv_mpu.o(.constdata)
    __mathlib_zero                           0x0800a418   Data           8  qnan.o(.constdata)
    __stdin_name                             0x0800a4b4   Data           4  sys_io.o(.constdata)
    __stdout_name                            0x0800a4b8   Data           4  sys_io.o(.constdata)
    __stderr_name                            0x0800a4bc   Data           4  sys_io.o(.constdata)
    Region$$Table$$Base                      0x0800a4c0   Number         0  anon$$obj.o(Region$$Table)
    Region$$Table$$Limit                     0x0800a4e0   Number         0  anon$$obj.o(Region$$Table)
    SystemCoreClock                          0x20000008   Data           4  system_stm32f10x.o(.data)
    AHBPrescTable                            0x2000000c   Data          16  system_stm32f10x.o(.data)
    q0                                       0x20000054   Data           4  mpu6050.o(.data)
    q1                                       0x20000058   Data           4  mpu6050.o(.data)
    q2                                       0x2000005c   Data           4  mpu6050.o(.data)
    q3                                       0x20000060   Data           4  mpu6050.o(.data)
    command1                                 0x20000078   Data         255  main.o(.data)
    command2                                 0x20000177   Data         255  main.o(.data)
    Uart1_BufferSize                         0x20000276   Data           2  main.o(.data)
    commandEnd                               0x20000278   Data           1  main.o(.data)
    adc1_flag                                0x20000279   Data           1  main.o(.data)
    __aeabi_stdin                            0x2000027c   Data           4  stdio_streams.o(.data)
    __aeabi_stdout                           0x20000280   Data           4  stdio_streams.o(.data)
    __aeabi_stderr                           0x20000284   Data           4  stdio_streams.o(.data)
    Uart1_Buffer                             0x200002a8   Data         255  main.o(.bss)
    __stdin                                  0x200003a8   Data          80  stdio_streams.o(.bss)
    __stdout                                 0x200003f8   Data          80  stdio_streams.o(.bss)
    __stderr                                 0x20000448   Data          80  stdio_streams.o(.bss)
    __libspace_start                         0x20000498   Data          96  libspace.o(.bss)
    __temporary_stack_top$libspace           0x200004f8   Data           0  libspace.o(.bss)



==============================================================================

Memory Map of the image

  Image Entry point : 0x080000ed

  Load Region LR_IROM1 (Base: 0x08000000, Size: 0x0000a784, Max: 0x00010000, ABSOLUTE, COMPRESSED[0x0000a53c])

    Execution Region ER_IROM1 (Base: 0x08000000, Size: 0x0000a4fc, Max: 0x00010000, ABSOLUTE)

    Base Addr    Size         Type   Attr      Idx    E Section Name        Object

    0x08000000   0x000000ec   Data   RO            3    RESET               startup_stm32f10x_md.o
    0x080000ec   0x00000008   Code   RO          484  * !!!main             c_w.l(__main.o)(c_w.l)
    0x080000f4   0x00000034   Code   RO         1003    !!!scatter          c_w.l(__scatter.o)(c_w.l)
    0x08000128   0x0000005a   Code   RO         1001    !!dczerorl2         c_w.l(__dczerorl2.o)(c_w.l)
    0x08000182   0x00000002   PAD
    0x08000184   0x0000001c   Code   RO         1005    !!handler_zi        c_w.l(__scatter_zi.o)(c_w.l)
    0x080001a0   0x00000000   Code   RO          475    .ARM.Collect$$_printf_percent$$00000000  c_w.l(_printf_percent.o)(c_w.l)
    0x080001a0   0x00000006   Code   RO          474    .ARM.Collect$$_printf_percent$$00000003  c_w.l(_printf_f.o)(c_w.l)
    0x080001a6   0x00000006   Code   RO          473    .ARM.Collect$$_printf_percent$$00000009  c_w.l(_printf_d.o)(c_w.l)
    0x080001ac   0x00000006   Code   RO          472    .ARM.Collect$$_printf_percent$$00000013  c_w.l(_printf_c.o)(c_w.l)
    0x080001b2   0x00000004   Code   RO          568    .ARM.Collect$$_printf_percent$$00000017  c_w.l(_printf_percent_end.o)(c_w.l)
    0x080001b6   0x00000006   Code   RO          804    .ARM.Collect$$libinit$$00000000  c_w.l(libinit.o)(c_w.l)
    0x080001bc   0x00000008   Code   RO          805    .ARM.Collect$$libinit$$00000001  c_w.l(libinit2.o)(c_w.l)
    0x080001c4   0x00000000   Code   RO          807    .ARM.Collect$$libinit$$00000006  c_w.l(libinit2.o)(c_w.l)
    0x080001c4   0x00000000   Code   RO          809    .ARM.Collect$$libinit$$00000008  c_w.l(libinit2.o)(c_w.l)
    0x080001c4   0x00000000   Code   RO          811    .ARM.Collect$$libinit$$0000000A  c_w.l(libinit2.o)(c_w.l)
    0x080001c4   0x00000006   Code   RO          812    .ARM.Collect$$libinit$$0000000B  c_w.l(libinit2.o)(c_w.l)
    0x080001ca   0x00000000   Code   RO          814    .ARM.Collect$$libinit$$0000000D  c_w.l(libinit2.o)(c_w.l)
    0x080001ca   0x00000000   Code   RO          816    .ARM.Collect$$libinit$$0000000F  c_w.l(libinit2.o)(c_w.l)
    0x080001ca   0x00000000   Code   RO          818    .ARM.Collect$$libinit$$00000011  c_w.l(libinit2.o)(c_w.l)
    0x080001ca   0x0000000a   Code   RO          819    .ARM.Collect$$libinit$$00000012  c_w.l(libinit2.o)(c_w.l)
    0x080001d4   0x00000000   Code   RO          820    .ARM.Collect$$libinit$$00000013  c_w.l(libinit2.o)(c_w.l)
    0x080001d4   0x00000000   Code   RO          822    .ARM.Collect$$libinit$$00000015  c_w.l(libinit2.o)(c_w.l)
    0x080001d4   0x00000000   Code   RO          824    .ARM.Collect$$libinit$$00000017  c_w.l(libinit2.o)(c_w.l)
    0x080001d4   0x00000000   Code   RO          826    .ARM.Collect$$libinit$$00000019  c_w.l(libinit2.o)(c_w.l)
    0x080001d4   0x00000000   Code   RO          828    .ARM.Collect$$libinit$$0000001B  c_w.l(libinit2.o)(c_w.l)
    0x080001d4   0x00000000   Code   RO          830    .ARM.Collect$$libinit$$0000001D  c_w.l(libinit2.o)(c_w.l)
    0x080001d4   0x00000000   Code   RO          832    .ARM.Collect$$libinit$$0000001F  c_w.l(libinit2.o)(c_w.l)
    0x080001d4   0x00000004   Code   RO          833    .ARM.Collect$$libinit$$00000020  c_w.l(libinit2.o)(c_w.l)
    0x080001d8   0x00000000   Code   RO          834    .ARM.Collect$$libinit$$00000021  c_w.l(libinit2.o)(c_w.l)
    0x080001d8   0x00000000   Code   RO          838    .ARM.Collect$$libinit$$00000028  c_w.l(libinit2.o)(c_w.l)
    0x080001d8   0x00000000   Code   RO          840    .ARM.Collect$$libinit$$0000002A  c_w.l(libinit2.o)(c_w.l)
    0x080001d8   0x00000000   Code   RO          842    .ARM.Collect$$libinit$$0000002C  c_w.l(libinit2.o)(c_w.l)
    0x080001d8   0x00000000   Code   RO          844    .ARM.Collect$$libinit$$0000002E  c_w.l(libinit2.o)(c_w.l)
    0x080001d8   0x00000002   Code   RO          845    .ARM.Collect$$libinit$$0000002F  c_w.l(libinit2.o)(c_w.l)
    0x080001da   0x00000002   Code   RO          982    .ARM.Collect$$libshutdown$$00000000  c_w.l(libshutdown.o)(c_w.l)
    0x080001dc   0x00000004   Code   RO          847    .ARM.Collect$$libshutdown$$00000002  c_w.l(libshutdown2.o)(c_w.l)
    0x080001e0   0x00000000   Code   RO          848    .ARM.Collect$$libshutdown$$00000003  c_w.l(libshutdown2.o)(c_w.l)
    0x080001e0   0x00000000   Code   RO          851    .ARM.Collect$$libshutdown$$00000006  c_w.l(libshutdown2.o)(c_w.l)
    0x080001e0   0x00000000   Code   RO          854    .ARM.Collect$$libshutdown$$00000009  c_w.l(libshutdown2.o)(c_w.l)
    0x080001e0   0x00000000   Code   RO          856    .ARM.Collect$$libshutdown$$0000000B  c_w.l(libshutdown2.o)(c_w.l)
    0x080001e0   0x00000000   Code   RO          859    .ARM.Collect$$libshutdown$$0000000E  c_w.l(libshutdown2.o)(c_w.l)
    0x080001e0   0x00000002   Code   RO          860    .ARM.Collect$$libshutdown$$0000000F  c_w.l(libshutdown2.o)(c_w.l)
    0x080001e2   0x00000000   Code   RO          550    .ARM.Collect$$rtentry$$00000000  c_w.l(rtentry.o)(c_w.l)
    0x080001e2   0x00000000   Code   RO          628    .ARM.Collect$$rtentry$$00000002  c_w.l(rtentry2.o)(c_w.l)
    0x080001e2   0x00000006   Code   RO          643    .ARM.Collect$$rtentry$$00000004  c_w.l(rtentry4.o)(c_w.l)
    0x080001e8   0x00000000   Code   RO          630    .ARM.Collect$$rtentry$$00000009  c_w.l(rtentry2.o)(c_w.l)
    0x080001e8   0x00000004   Code   RO          631    .ARM.Collect$$rtentry$$0000000A  c_w.l(rtentry2.o)(c_w.l)
    0x080001ec   0x00000000   Code   RO          633    .ARM.Collect$$rtentry$$0000000C  c_w.l(rtentry2.o)(c_w.l)
    0x080001ec   0x00000008   Code   RO          634    .ARM.Collect$$rtentry$$0000000D  c_w.l(rtentry2.o)(c_w.l)
    0x080001f4   0x00000002   Code   RO          867    .ARM.Collect$$rtexit$$00000000  c_w.l(rtexit.o)(c_w.l)
    0x080001f6   0x00000000   Code   RO          923    .ARM.Collect$$rtexit$$00000002  c_w.l(rtexit2.o)(c_w.l)
    0x080001f6   0x00000004   Code   RO          924    .ARM.Collect$$rtexit$$00000003  c_w.l(rtexit2.o)(c_w.l)
    0x080001fa   0x00000006   Code   RO          925    .ARM.Collect$$rtexit$$00000004  c_w.l(rtexit2.o)(c_w.l)
    0x08000200   0x00000000   Code   RO          935    .emb_text           c_w.l(maybetermalloc1.o)(c_w.l)
    0x08000200   0x00000040   Code   RO            4    .text               startup_stm32f10x_md.o
    0x08000240   0x00000024   Code   RO           10    .text               bsp.o
    0x08000264   0x000000a0   Code   RO           73    .text               delay.o
    0x08000304   0x000000d0   Code   RO           94    .text               uart1.o
    0x080003d4   0x000001c8   Code   RO          126    .text               system_stm32f10x.o
    0x0800059c   0x000000a8   Code   RO          144    .text               battery.o
    0x08000644   0x000001a0   Code   RO          159    .text               encoder.o
    0x080007e4   0x00000048   Code   RO          174    .text               led.o
    0x0800082c   0x00000194   Code   RO          189    .text               motor.o
    0x080009c0   0x00001ec0   Code   RO          204    .text               inv_mpu.o
    0x08002880   0x00000d98   Code   RO          239    .text               inv_mpu_dmp_motion_driver.o
    0x08003618   0x00000780   Code   RO          267    .text               mpu6050.o
    0x08003d98   0x00000370   Code   RO          302    .text               i2c.o
    0x08004108   0x000000f8   Code   RO          314    .text               misc.o
    0x08004200   0x00000440   Code   RO          326    .text               stm32f10x_adc.o
    0x08004640   0x00000358   Code   RO          338    .text               stm32f10x_gpio.o
    0x08004998   0x00000dae   Code   RO          350    .text               stm32f10x_tim.o
    0x08005746   0x00000002   PAD
    0x08005748   0x0000040c   Code   RO          362    .text               stm32f10x_usart.o
    0x08005b54   0x000003a4   Code   RO          374    .text               stm32f10x_rcc.o
    0x08005ef8   0x000000ec   Code   RO          388    .text               stm32f10x_it.o
    0x08005fe4   0x000000e8   Code   RO          404    .text               main.o
    0x080060cc   0x00000026   Code   RO          434    .text               c_w.l(llshl.o)(c_w.l)
    0x080060f2   0x00000026   Code   RO          436    .text               c_w.l(llsshr.o)(c_w.l)
    0x08006118   0x00000048   Code   RO          438    .text               c_w.l(llsdiv.o)(c_w.l)
    0x08006160   0x00000018   Code   RO          444    .text               c_w.l(noretval__2printf.o)(c_w.l)
    0x08006178   0x00000028   Code   RO          446    .text               c_w.l(noretval__2sprintf.o)(c_w.l)
    0x080061a0   0x0000006a   Code   RO          448    .text               c_w.l(__printf.o)(c_w.l)
    0x0800620a   0x00000052   Code   RO          450    .text               c_w.l(_printf_str.o)(c_w.l)
    0x0800625c   0x00000074   Code   RO          452    .text               c_w.l(_printf_dec.o)(c_w.l)
    0x080062d0   0x0000004e   Code   RO          476    .text               c_w.l(memcmp.o)(c_w.l)
    0x0800631e   0x00000010   Code   RO          478    .text               c_w.l(aeabi_memset.o)(c_w.l)
    0x0800632e   0x00000002   PAD
    0x08006330   0x00000080   Code   RO          480    .text               c_w.l(strcmpv7m.o)(c_w.l)
    0x080063b0   0x00000006   Code   RO          482    .text               c_w.l(heapauxi.o)(c_w.l)
    0x080063b6   0x000000ee   Code   RO          552    .text               c_w.l(lludivv7m.o)(c_w.l)
    0x080064a4   0x00000016   Code   RO          554    .text               c_w.l(_rserrno.o)(c_w.l)
    0x080064ba   0x000000b4   Code   RO          556    .text               c_w.l(_printf_intcommon.o)(c_w.l)
    0x0800656e   0x0000040e   Code   RO          558    .text               c_w.l(_printf_fp_dec.o)(c_w.l)
    0x0800697c   0x00000030   Code   RO          560    .text               c_w.l(_printf_char_common.o)(c_w.l)
    0x080069ac   0x0000000a   Code   RO          562    .text               c_w.l(_sputc.o)(c_w.l)
    0x080069b6   0x0000002c   Code   RO          564    .text               c_w.l(_printf_char.o)(c_w.l)
    0x080069e2   0x00000002   PAD
    0x080069e4   0x00000024   Code   RO          566    .text               c_w.l(_printf_char_file.o)(c_w.l)
    0x08006a08   0x00000044   Code   RO          575    .text               c_w.l(rt_memclr.o)(c_w.l)
    0x08006a4c   0x00000010   Code   RO          577    .text               c_w.l(rtudiv10.o)(c_w.l)
    0x08006a5c   0x0000000c   Code   RO          652    .text               c_w.l(rt_locale_intlibspace.o)(c_w.l)
    0x08006a68   0x0000000c   Code   RO          657    .text               c_w.l(rt_errno_addr_intlibspace.o)(c_w.l)
    0x08006a74   0x0000008a   Code   RO          659    .text               c_w.l(lludiv10.o)(c_w.l)
    0x08006afe   0x00000002   PAD
    0x08006b00   0x0000007c   Code   RO          661    .text               c_w.l(_printf_fp_infnan.o)(c_w.l)
    0x08006b7c   0x000000ec   Code   RO          665    .text               c_w.l(bigflt0.o)(c_w.l)
    0x08006c68   0x00000008   Code   RO          690    .text               c_w.l(ferror.o)(c_w.l)
    0x08006c70   0x00000138   Code   RO          692    .text               c_w.l(initio.o)(c_w.l)
    0x08006da8   0x0000004e   Code   RO          701    .text               c_w.l(rt_memclr_w.o)(c_w.l)
    0x08006df6   0x00000066   Code   RO          711    .text               c_w.l(sys_io.o)(c_w.l)
    0x08006e5c   0x00000008   Code   RO          716    .text               c_w.l(libspace.o)(c_w.l)
    0x08006e64   0x0000004a   Code   RO          721    .text               c_w.l(sys_stackheap_outer.o)(c_w.l)
    0x08006eae   0x0000004e   Code   RO          727    .text               c_w.l(h1_free.o)(c_w.l)
    0x08006efc   0x00000046   Code   RO          781    .text               c_w.l(setvbuf.o)(c_w.l)
    0x08006f42   0x00000002   PAD
    0x08006f44   0x000000e8   Code   RO          784    .text               c_w.l(fopen.o)(c_w.l)
    0x0800702c   0x0000004c   Code   RO          786    .text               c_w.l(fclose.o)(c_w.l)
    0x08007078   0x0000000c   Code   RO          792    .text               c_w.l(exit.o)(c_w.l)
    0x08007084   0x0000000e   Code   RO          794    .text               c_w.l(defsig_rtred_outer.o)(c_w.l)
    0x08007092   0x00000002   Code   RO          865    .text               c_w.l(use_no_semi.o)(c_w.l)
    0x08007094   0x0000000c   Code   RO          874    .text               c_w.l(rt_heap_descriptor_intlibspace.o)(c_w.l)
    0x080070a0   0x00000004   Code   RO          876    .text               c_w.l(hguard.o)(c_w.l)
    0x080070a4   0x0000008a   Code   RO          878    .text               c_w.l(init_alloc.o)(c_w.l)
    0x0800712e   0x00000064   Code   RO          884    .text               c_w.l(h1_alloc.o)(c_w.l)
    0x08007192   0x00000002   PAD
    0x08007194   0x000000f8   Code   RO          898    .text               c_w.l(fseek.o)(c_w.l)
    0x0800728c   0x000000f0   Code   RO          900    .text               c_w.l(stdio.o)(c_w.l)
    0x0800737c   0x0000000a   Code   RO          902    .text               c_w.l(defsig_exit.o)(c_w.l)
    0x08007386   0x00000002   PAD
    0x08007388   0x00000034   Code   RO          908    .text               c_w.l(defsig_rtred_inner.o)(c_w.l)
    0x080073bc   0x0000003e   Code   RO          910    .text               c_w.l(strlen.o)(c_w.l)
    0x080073fa   0x00000002   PAD
    0x080073fc   0x0000000c   Code   RO          920    .text               c_w.l(sys_exit.o)(c_w.l)
    0x08007408   0x0000000c   Code   RO          933    .text               c_w.l(rt_fp_status_addr_intlibspace.o)(c_w.l)
    0x08007414   0x0000000e   Code   RO          939    .text               c_w.l(h1_init.o)(c_w.l)
    0x08007422   0x00000032   Code   RO          941    .text               c_w.l(h1_extend.o)(c_w.l)
    0x08007454   0x00000046   Code   RO          947    .text               c_w.l(ftell.o)(c_w.l)
    0x0800749a   0x00000032   Code   RO          951    .text               c_w.l(defsig_general.o)(c_w.l)
    0x080074cc   0x0000000e   Code   RO          955    .text               c_w.l(defsig_rtmem_outer.o)(c_w.l)
    0x080074da   0x0000000e   Code   RO          968    .text               c_w.l(sys_wrch.o)(c_w.l)
    0x080074e8   0x0000004c   Code   RO          976    .text               c_w.l(defsig_rtmem_inner.o)(c_w.l)
    0x08007534   0x0000003e   Code   RO          668    CL$$btod_d2e        c_w.l(btod.o)(c_w.l)
    0x08007572   0x00000046   Code   RO          670    CL$$btod_d2e_denorm_low  c_w.l(btod.o)(c_w.l)
    0x080075b8   0x00000060   Code   RO          669    CL$$btod_d2e_norm_op1  c_w.l(btod.o)(c_w.l)
    0x08007618   0x00000338   Code   RO          678    CL$$btod_div_common  c_w.l(btod.o)(c_w.l)
    0x08007950   0x000000c6   Code   RO          675    CL$$btod_e2e        c_w.l(btod.o)(c_w.l)
    0x08007a16   0x00000028   Code   RO          672    CL$$btod_ediv       c_w.l(btod.o)(c_w.l)
    0x08007a3e   0x00000028   Code   RO          671    CL$$btod_emul       c_w.l(btod.o)(c_w.l)
    0x08007a66   0x00000244   Code   RO          677    CL$$btod_mult_common  c_w.l(btod.o)(c_w.l)
    0x08007caa   0x00000028   Code   RO          614    i.__ARM_fpclassify  m_ws.l(fpclassify.o)(m_ws.l)
    0x08007cd2   0x000000aa   Code   RO          616    i.__kernel_poly     m_ws.l(poly.o)(m_ws.l)
    0x08007d7c   0x00000010   Code   RO          612    i.__mathlib_dbl_underflow  m_ws.l(dunder.o)(m_ws.l)
    0x08007d8c   0x00000280   Code   RO          533    i.asin              m_ws.l(asin.o)(m_ws.l)
    0x0800800c   0x00000224   Code   RO          603    i.atan              m_ws.l(atan.o)(m_ws.l)
    0x08008230   0x00000180   Code   RO          543    i.atan2             m_ws.l(atan2.o)(m_ws.l)
    0x080083b0   0x0000004a   Code   RO          620    i.sqrt              m_ws.l(sqrt.o)(m_ws.l)
    0x080083fa   0x00000002   PAD
    0x080083fc   0x0000002c   Code   RO          699    locale$$code        c_w.l(lc_numeric_c.o)(c_w.l)
    0x08008428   0x00000062   Code   RO          486    x$fpl$d2f           fz_ws.l(d2f.o)(fz_ws.l)
    0x0800848a   0x00000002   PAD
    0x0800848c   0x0000014c   Code   RO          488    x$fpl$dadd          fz_ws.l(daddsub_clz.o)(fz_ws.l)
    0x080085d8   0x00000010   Code   RO          703    x$fpl$dcheck1       fz_ws.l(dcheck1.o)(fz_ws.l)
    0x080085e8   0x000002b0   Code   RO          580    x$fpl$ddiv          fz_ws.l(ddiv.o)(fz_ws.l)
    0x08008898   0x00000154   Code   RO          494    x$fpl$dmul          fz_ws.l(dmul.o)(fz_ws.l)
    0x080089ec   0x0000009c   Code   RO          583    x$fpl$dnaninf       fz_ws.l(dnaninf.o)(fz_ws.l)
    0x08008a88   0x0000000c   Code   RO          585    x$fpl$dretinf       fz_ws.l(dretinf.o)(fz_ws.l)
    0x08008a94   0x00000016   Code   RO          489    x$fpl$drsb          fz_ws.l(daddsub_clz.o)(fz_ws.l)
    0x08008aaa   0x00000002   PAD
    0x08008aac   0x000001cc   Code   RO          707    x$fpl$dsqrt         fz_ws.l(dsqrt_noumaal.o)(fz_ws.l)
    0x08008c78   0x000001d4   Code   RO          490    x$fpl$dsub          fz_ws.l(daddsub_clz.o)(fz_ws.l)
    0x08008e4c   0x00000056   Code   RO          496    x$fpl$f2d           fz_ws.l(f2d.o)(fz_ws.l)
    0x08008ea2   0x00000002   PAD
    0x08008ea4   0x000000c4   Code   RO          498    x$fpl$fadd          fz_ws.l(faddsub_clz.o)(fz_ws.l)
    0x08008f68   0x00000018   Code   RO          587    x$fpl$fcmpinf       fz_ws.l(fcmpi.o)(fz_ws.l)
    0x08008f80   0x00000184   Code   RO          505    x$fpl$fdiv          fz_ws.l(fdiv.o)(fz_ws.l)
    0x08009104   0x00000068   Code   RO          508    x$fpl$feqf          fz_ws.l(feqf.o)(fz_ws.l)
    0x0800916c   0x00000036   Code   RO          510    x$fpl$ffix          fz_ws.l(ffix.o)(fz_ws.l)
    0x080091a2   0x00000002   PAD
    0x080091a4   0x0000003e   Code   RO          514    x$fpl$ffixu         fz_ws.l(ffixu.o)(fz_ws.l)
    0x080091e2   0x00000002   PAD
    0x080091e4   0x00000030   Code   RO          519    x$fpl$fflt          fz_ws.l(fflt_clz.o)(fz_ws.l)
    0x08009214   0x00000026   Code   RO          518    x$fpl$ffltu         fz_ws.l(fflt_clz.o)(fz_ws.l)
    0x0800923a   0x00000002   PAD
    0x0800923c   0x00000068   Code   RO          524    x$fpl$fleqf         fz_ws.l(fleqf.o)(fz_ws.l)
    0x080092a4   0x00000102   Code   RO          526    x$fpl$fmul          fz_ws.l(fmul.o)(fz_ws.l)
    0x080093a6   0x0000008c   Code   RO          589    x$fpl$fnaninf       fz_ws.l(fnaninf.o)(fz_ws.l)
    0x08009432   0x0000000e   Code   RO          916    x$fpl$fpinit        fz_ws.l(fpinit.o)(fz_ws.l)
    0x08009440   0x0000000a   Code   RO          591    x$fpl$fretinf       fz_ws.l(fretinf.o)(fz_ws.l)
    0x0800944a   0x00000062   Code   RO          528    x$fpl$frleqf        fz_ws.l(frleqf.o)(fz_ws.l)
    0x080094ac   0x000000ea   Code   RO          500    x$fpl$fsub          fz_ws.l(faddsub_clz.o)(fz_ws.l)
    0x08009596   0x00000004   Code   RO          530    x$fpl$printf1       fz_ws.l(printf1.o)(fz_ws.l)
    0x0800959a   0x00000064   Code   RO          863    x$fpl$retnan        fz_ws.l(retnan.o)(fz_ws.l)
    0x080095fe   0x00000060   Code   RO          596    x$fpl$scalbn        fz_ws.l(scalbn.o)(fz_ws.l)
    0x0800965e   0x00000030   Code   RO          918    x$fpl$trapveneer    fz_ws.l(trapv.o)(fz_ws.l)
    0x0800968e   0x00000000   Code   RO          601    x$fpl$usenofp       fz_ws.l(usenofp.o)(fz_ws.l)
    0x0800968e   0x00000002   PAD
    0x08009690   0x0000009d   Data   RO          205    .constdata          inv_mpu.o
    0x0800972d   0x00000bf6   Data   RO          241    .constdata          inv_mpu_dmp_motion_driver.o
    0x0800a323   0x00000001   PAD
    0x0800a324   0x0000000a   Data   RO          268    .constdata          mpu6050.o
    0x0800a32e   0x00000002   PAD
    0x0800a330   0x00000050   Data   RO          534    .constdata          m_ws.l(asin.o)(m_ws.l)
    0x0800a380   0x00000098   Data   RO          604    .constdata          m_ws.l(atan.o)(m_ws.l)
    0x0800a418   0x00000008   Data   RO          618    .constdata          m_ws.l(qnan.o)(m_ws.l)
    0x0800a420   0x00000094   Data   RO          666    .constdata          c_w.l(bigflt0.o)(c_w.l)
    0x0800a4b4   0x00000004   Data   RO          712    .constdata          c_w.l(sys_io.o)(c_w.l)
    0x0800a4b8   0x00000004   Data   RO          713    .constdata          c_w.l(sys_io.o)(c_w.l)
    0x0800a4bc   0x00000004   Data   RO          714    .constdata          c_w.l(sys_io.o)(c_w.l)
    0x0800a4c0   0x00000020   Data   RO          999    Region$$Table       anon$$obj.o
    0x0800a4e0   0x0000001c   Data   RO          698    locale$$data        c_w.l(lc_numeric_c.o)(c_w.l)


    Execution Region RW_IRAM1 (Base: 0x20000000, Size: 0x00000af8, Max: 0x00005000, ABSOLUTE, COMPRESSED[0x00000040])

    Base Addr    Size         Type   Attr      Idx    E Section Name        Object

    0x20000000   0x00000004   Data   RW           74    .data               delay.o
    0x20000004   0x00000004   Data   RW           96    .data               uart1.o
    0x20000008   0x00000014   Data   RW          127    .data               system_stm32f10x.o
    0x2000001c   0x0000002c   Data   RW          206    .data               inv_mpu.o
    0x20000048   0x0000001c   Data   RW          269    .data               mpu6050.o
    0x20000064   0x00000014   Data   RW          375    .data               stm32f10x_rcc.o
    0x20000078   0x00000202   Data   RW          406    .data               main.o
    0x2000027a   0x00000002   PAD
    0x2000027c   0x00000004   Data   RW          572    .data               c_w.l(stdio_streams.o)(c_w.l)
    0x20000280   0x00000004   Data   RW          573    .data               c_w.l(stdio_streams.o)(c_w.l)
    0x20000284   0x00000004   Data   RW          574    .data               c_w.l(stdio_streams.o)(c_w.l)
    0x20000288   0x00000010   Zero   RW           95    .bss                uart1.o
    0x20000298   0x00000010   Zero   RW          240    .bss                inv_mpu_dmp_motion_driver.o
    0x200002a8   0x000000ff   Zero   RW          405    .bss                main.o
    0x200003a7   0x00000001   PAD
    0x200003a8   0x00000050   Zero   RW          569    .bss                c_w.l(stdio_streams.o)(c_w.l)
    0x200003f8   0x00000050   Zero   RW          570    .bss                c_w.l(stdio_streams.o)(c_w.l)
    0x20000448   0x00000050   Zero   RW          571    .bss                c_w.l(stdio_streams.o)(c_w.l)
    0x20000498   0x00000060   Zero   RW          717    .bss                c_w.l(libspace.o)(c_w.l)
    0x200004f8   0x00000200   Zero   RW            2    HEAP                startup_stm32f10x_md.o
    0x200006f8   0x00000400   Zero   RW            1    STACK               startup_stm32f10x_md.o


==============================================================================

Image component sizes


      Code (inc. data)   RO Data    RW Data    ZI Data      Debug   Object Name

       168         10          0          0          0          0   battery.o
        36          6          0          0          0          0   bsp.o
       160         20          0          4          0          0   delay.o
       416         16          0          0          0          0   encoder.o
       880          4          0          0          0          0   i2c.o
      7872        162        157         44          0          0   inv_mpu.o
      3480        124       3062          0         16          0   inv_mpu_dmp_motion_driver.o
        72          4          0          0          0          0   led.o
       232         54          0        514        255          0   main.o
       248         30          0          0          0          0   misc.o
       404          8          0          0          0          0   motor.o
      1920        594         10         28          0          0   mpu6050.o
        64         26        236          0       1536          0   startup_stm32f10x_md.o
      1088         36          0          0          0          0   stm32f10x_adc.o
       856         40          0          0          0          0   stm32f10x_gpio.o
       236         44          0          0          0          0   stm32f10x_it.o
       932         52          0         20          0          0   stm32f10x_rcc.o
      3502         86          0          0          0          0   stm32f10x_tim.o
      1036         20          0          0          0          0   stm32f10x_usart.o
       456         36          0         20          0          0   system_stm32f10x.o
       208         16          0          4         16          0   uart1.o

    ----------------------------------------------------------------------
     24268       1388       3500        636       1824          0   Object Totals
         0          0         32          0          0          0   (incl. Generated)
         2          0          3          2          1          2   (incl. Padding)

    ----------------------------------------------------------------------

      Code (inc. data)   RO Data    RW Data    ZI Data      Debug   Library Member Name

        90          0          0          0          0          0   __dczerorl2.o
         8          0          0          0          0          0   __main.o
       106          0          0          0          0          0   __printf.o
        52          8          0          0          0          0   __scatter.o
        28          0          0          0          0          0   __scatter_zi.o
         6          0          0          0          0          0   _printf_c.o
        44          0          0          0          0          0   _printf_char.o
        48          6          0          0          0          0   _printf_char_common.o
        36          4          0          0          0          0   _printf_char_file.o
         6          0          0          0          0          0   _printf_d.o
       116         18          0          0          0          0   _printf_dec.o
         6          0          0          0          0          0   _printf_f.o
      1038          0          0          0          0          0   _printf_fp_dec.o
       124         16          0          0          0          0   _printf_fp_infnan.o
       180          0          0          0          0          0   _printf_intcommon.o
         0          0          0          0          0          0   _printf_percent.o
         4          0          0          0          0          0   _printf_percent_end.o
        82          0          0          0          0          0   _printf_str.o
        22          0          0          0          0          0   _rserrno.o
        10          0          0          0          0          0   _sputc.o
        16          0          0          0          0          0   aeabi_memset.o
       236          6        148          0          0          0   bigflt0.o
      1910        128          0          0          0          0   btod.o
        10          0          0          0          0          0   defsig_exit.o
        50          0          0          0          0          0   defsig_general.o
        76         56          0          0          0          0   defsig_rtmem_inner.o
        14          0          0          0          0          0   defsig_rtmem_outer.o
        52         38          0          0          0          0   defsig_rtred_inner.o
        14          0          0          0          0          0   defsig_rtred_outer.o
        12          0          0          0          0          0   exit.o
        76          0          0          0          0          0   fclose.o
         8          0          0          0          0          0   ferror.o
       232          6          0          0          0          0   fopen.o
       248          4          0          0          0          0   fseek.o
        70          0          0          0          0          0   ftell.o
       100          0          0          0          0          0   h1_alloc.o
        50          0          0          0          0          0   h1_extend.o
        78          0          0          0          0          0   h1_free.o
        14          0          0          0          0          0   h1_init.o
         6          0          0          0          0          0   heapauxi.o
         4          0          0          0          0          0   hguard.o
       138          0          0          0          0          0   init_alloc.o
       312         46          0          0          0          0   initio.o
        44         10         28          0          0          0   lc_numeric_c.o
         6          0          0          0          0          0   libinit.o
        30          0          0          0          0          0   libinit2.o
         2          0          0          0          0          0   libshutdown.o
         6          0          0          0          0          0   libshutdown2.o
         8          4          0          0         96          0   libspace.o
        72          0          0          0          0          0   llsdiv.o
        38          0          0          0          0          0   llshl.o
        38          0          0          0          0          0   llsshr.o
       138          0          0          0          0          0   lludiv10.o
       238          0          0          0          0          0   lludivv7m.o
         0          0          0          0          0          0   maybetermalloc1.o
        78          0          0          0          0          0   memcmp.o
        24          4          0          0          0          0   noretval__2printf.o
        40          6          0          0          0          0   noretval__2sprintf.o
        12          4          0          0          0          0   rt_errno_addr_intlibspace.o
        12          4          0          0          0          0   rt_fp_status_addr_intlibspace.o
        12          4          0          0          0          0   rt_heap_descriptor_intlibspace.o
        12          4          0          0          0          0   rt_locale_intlibspace.o
        68          0          0          0          0          0   rt_memclr.o
        78          0          0          0          0          0   rt_memclr_w.o
         0          0          0          0          0          0   rtentry.o
        12          0          0          0          0          0   rtentry2.o
         6          0          0          0          0          0   rtentry4.o
         2          0          0          0          0          0   rtexit.o
        10          0          0          0          0          0   rtexit2.o
        16          0          0          0          0          0   rtudiv10.o
        70          0          0          0          0          0   setvbuf.o
       240          6          0          0          0          0   stdio.o
         0          0          0         12        240          0   stdio_streams.o
       128          0          0          0          0          0   strcmpv7m.o
        62          0          0          0          0          0   strlen.o
        12          4          0          0          0          0   sys_exit.o
       102          0         12          0          0          0   sys_io.o
        74          0          0          0          0          0   sys_stackheap_outer.o
        14          0          0          0          0          0   sys_wrch.o
         2          0          0          0          0          0   use_no_semi.o
        98          4          0          0          0          0   d2f.o
       822         16          0          0          0          0   daddsub_clz.o
        16          4          0          0          0          0   dcheck1.o
       688        140          0          0          0          0   ddiv.o
       340         12          0          0          0          0   dmul.o
       156          4          0          0          0          0   dnaninf.o
        12          0          0          0          0          0   dretinf.o
       460         56          0          0          0          0   dsqrt_noumaal.o
        86          4          0          0          0          0   f2d.o
       430          8          0          0          0          0   faddsub_clz.o
        24          0          0          0          0          0   fcmpi.o
       388         76          0          0          0          0   fdiv.o
       104          4          0          0          0          0   feqf.o
        54          4          0          0          0          0   ffix.o
        62          4          0          0          0          0   ffixu.o
        86          0          0          0          0          0   fflt_clz.o
       104          4          0          0          0          0   fleqf.o
       258          4          0          0          0          0   fmul.o
       140          4          0          0          0          0   fnaninf.o
        14          0          0          0          0          0   fpinit.o
        10          0          0          0          0          0   fretinf.o
        98          0          0          0          0          0   frleqf.o
         4          0          0          0          0          0   printf1.o
       100          0          0          0          0          0   retnan.o
        96          0          0          0          0          0   scalbn.o
        48          0          0          0          0          0   trapv.o
         0          0          0          0          0          0   usenofp.o
       640         54         80          0          0          0   asin.o
       548         68        152          0          0          0   atan.o
       384         38          0          0          0          0   atan2.o
        16          6          0          0          0          0   dunder.o
        40          0          0          0          0          0   fpclassify.o
       170          0          0          0          0          0   poly.o
         0          0          8          0          0          0   qnan.o
        74          0          0          0          0          0   sqrt.o

    ----------------------------------------------------------------------
     14040        900        428         12        336          0   Library Totals
        32          0          0          0          0          0   (incl. Padding)

    ----------------------------------------------------------------------

      Code (inc. data)   RO Data    RW Data    ZI Data      Debug   Library Name

      7438        386        188         12        336       6104   c_w.l
      4698        348          0          0          0       2644   fz_ws.l
      1872        166        240          0          0        764   m_ws.l

    ----------------------------------------------------------------------
     14040        900        428         12        336          0   Library Totals

    ----------------------------------------------------------------------

==============================================================================


      Code (inc. data)   RO Data    RW Data    ZI Data      Debug   

     38308       2288       3928        648       2160     407516   Grand Totals
     38308       2288       3928         64       2160     407516   ELF Image Totals (compressed)
     38308       2288       3928         64          0          0   ROM Totals

==============================================================================

    Total RO  Size (Code + RO Data)                42236 (  41.25kB)
    Total RW  Size (RW Data + ZI Data)              2808 (   2.74kB)
    Total ROM Size (Code + RO Data + RW Data)      42300 (  41.31kB)

==============================================================================

