<html>
<body>
<pre>
<h1>µVision Build Log</h1>
<h2>Project:</h2>
Z:\Dropbox\balancer\day1_led\MDKProj\balancer.uvproj
Project File Date:  07/01/2015

<h2>Output:</h2>
compiling main.c...
..\user\main.c(7): warning:  #223-D: function "led_on" declared implicitly
..\user\main.c - 0 Error(s), 1 Warning(s).
Build target 'balancer'
compiling led.c...
linking...
Program Size: Code=2680 RO-data=268 RW-data=40 ZI-data=1632  
FromELF: creating hex file...
"balancer.axf" - 0 Error(s), 0 Warning(s).
compiling main.c...
..\user\main.c(7): warning:  #223-D: function "led_on" declared implicitly
..\user\main.c - 0 Error(s), 1 Warning(s).
Build target 'balancer'
linking...
Program Size: Code=2680 RO-data=268 RW-data=40 ZI-data=1632  
FromELF: creating hex file...
"balancer.axf" - 0 Error(s), 0 Warning(s).
Rebuild target 'balancer'
assembling startup_stm32f10x_md.s...
compiling led.c...
compiling misc.c...
compiling stm32f10x_adc.c...
compiling stm32f10x_crc.c...
compiling stm32f10x_dma.c...
compiling stm32f10x_exti.c...
compiling stm32f10x_flash.c...
compiling stm32f10x_gpio.c...
compiling stm32f10x_i2c.c...
compiling stm32f10x_rcc.c...
compiling stm32f10x_rtc.c...
compiling stm32f10x_tim.c...
compiling stm32f10x_usart.c...
compiling main.c...
..\user\main.c(7): warning:  #223-D: function "led_on" declared implicitly
compiling stm32f10x_it.c...
compiling core_cm3.c...
compiling system_stm32f10x.c...
linking...
Program Size: Code=2680 RO-data=268 RW-data=40 ZI-data=1632  
FromELF: creating hex file...
"balancer.axf" - 0 Error(s), 1 Warning(s).
compiling main.c...
..\user\main.c(5): warning:  #223-D: function "led_init" declared implicitly
..\user\main.c(9): warning:  #223-D: function "led_on" declared implicitly
..\user\main.c - 0 Error(s), 2 Warning(s).
Build target 'balancer'
linking...
Program Size: Code=2684 RO-data=268 RW-data=40 ZI-data=1632  
FromELF: creating hex file...
"balancer.axf" - 0 Error(s), 0 Warning(s).
compiling led.c...
..\dirver\led.c(5): error:  #20: identifier "GPIO_InitTypeDef" is undefined
..\dirver\led.c(6): error:  #20: identifier "GPIO_Speed_2MHz" is undefined
..\dirver\led.c(7): error:  #20: identifier "GPIO_Mode_Out_PP" is undefined
..\dirver\led.c(8): error:  #20: identifier "GPIO_Pin_8" is undefined
..\dirver\led.c(10): warning:  #223-D: function "GPIO_Init" declared implicitly
..\dirver\led.c(10): error:  #20: identifier "GPIOB" is undefined
..\dirver\led.c(11): warning:  #223-D: function "GPIO_SetBits" declared implicitly
..\dirver\led.c(16): warning:  #223-D: function "GPIO_ResetBits" declared implicitly
..\dirver\led.c(16): error:  #20: identifier "GPIOB" is undefined
..\dirver\led.c(16): error:  #20: identifier "GPIO_Pin_8" is undefined
..\dirver\led.c(21): warning:  #223-D: function "GPIO_SetBits" declared implicitly
..\dirver\led.c(21): error:  #20: identifier "GPIOB" is undefined
..\dirver\led.c(21): error:  #20: identifier "GPIO_Pin_8" is undefined
..\dirver\led.c - 9 Error(s), 4 Warning(s).
compiling led.c...
..\dirver\led.c - 0 Error(s), 0 Warning(s).
Build target 'balancer'
linking...
Program Size: Code=2684 RO-data=268 RW-data=40 ZI-data=1632  
FromELF: creating hex file...
"balancer.axf" - 0 Error(s), 0 Warning(s).
compiling main.c...
..\user\main.c(5): warning:  #223-D: function "led_init" declared implicitly
..\user\main.c(9): warning:  #223-D: function "led_on" declared implicitly
..\user\main.c - 0 Error(s), 2 Warning(s).
compiling main.c...
..\user\main.c - 0 Error(s), 0 Warning(s).
Build target 'balancer'
linking...
Program Size: Code=2684 RO-data=268 RW-data=40 ZI-data=1632  
FromELF: creating hex file...
"balancer.axf" - 0 Error(s), 0 Warning(s).
compiling main.c...
..\user\main.c - 0 Error(s), 0 Warning(s).
Build target 'balancer'
linking...
Program Size: Code=2688 RO-data=268 RW-data=40 ZI-data=1632  
FromELF: creating hex file...
"balancer.axf" - 0 Error(s), 0 Warning(s).
compiling main.c...
..\user\main.c(8): warning:  #223-D: function "bsp_init" declared implicitly
..\user\main.c - 0 Error(s), 1 Warning(s).
compiling main.c...
..\user\main.c - 0 Error(s), 0 Warning(s).
Build target 'balancer'
compiling bsp.c...
linking...
Program Size: Code=2728 RO-data=268 RW-data=40 ZI-data=1632  
FromELF: creating hex file...
"balancer.axf" - 0 Error(s), 0 Warning(s).
