<html>
<body>
<pre>
<h1>µVision Build Log</h1>
<h2>Project:</h2>
Z:\Dropbox\balancer\day3_usart\commander\MDKProj\balancer.uvproj
Project File Date:  07/02/2015

<h2>Output:</h2>
compiling uart1.c...
..\bsp\uart1.c - 0 Error(s), 0 Warning(s).
Build target 'balancer'
linking...
Program Size: Code=4632 RO-data=268 RW-data=60 ZI-data=2060  
FromELF: creating hex file...
".\output\balancer.axf" - 0 Error(s), 0 Warning(s).
compiling stm32f10x_it.c...
..\user\stm32f10x_it.c - 0 Error(s), 0 Warning(s).
Build target 'balancer'
linking...
Program Size: Code=4412 RO-data=268 RW-data=56 ZI-data=2064  
FromELF: creating hex file...
".\output\balancer.axf" - 0 Error(s), 0 Warning(s).
compiling main.c...
..\user\main.c - 0 Error(s), 0 Warning(s).
Build target 'balancer'
compiling stm32f10x_it.c...
linking...
Program Size: Code=4648 RO-data=268 RW-data=60 ZI-data=2060  
FromELF: creating hex file...
".\output\balancer.axf" - 0 Error(s), 0 Warning(s).
compiling main.c...
..\user\main.c - 0 Error(s), 0 Warning(s).
Build target 'balancer'
linking...
Program Size: Code=4656 RO-data=268 RW-data=60 ZI-data=2060  
FromELF: creating hex file...
".\output\balancer.axf" - 0 Error(s), 0 Warning(s).
compiling stm32f10x_it.c...
..\user\stm32f10x_it.c - 0 Error(s), 0 Warning(s).
Build target 'balancer'
linking...
Program Size: Code=4648 RO-data=268 RW-data=60 ZI-data=2060  
FromELF: creating hex file...
".\output\balancer.axf" - 0 Error(s), 0 Warning(s).
compiling consola.c...
..\dirver\consola.h(10): error:  #20: identifier "uint8_t" is undefined
..\dirver\consola.h(10): error:  #20: identifier "uint8_t" is undefined
..\dirver\consola.h(10): error:  #20: identifier "uint16_t" is undefined
..\dirver\consola.h(12): warning:  #1-D: last line of file ends without a newline
..\dirver\consola.c(3): error:  #20: identifier "uint8_t" is undefined
..\dirver\consola.c(3): error:  #20: identifier "uint8_t" is undefined
..\dirver\consola.c(3): error:  #20: identifier "uint16_t" is undefined
..\dirver\consola.c(17): warning:  #1-D: last line of file ends without a newline
..\dirver\consola.c - 6 Error(s), 2 Warning(s).
compiling consola.c...
..\dirver\consola.h(4): error:  #11-D: unrecognized preprocessing directive
..\dirver\consola.h(12): error:  #20: identifier "uint8_t" is undefined
..\dirver\consola.h(12): error:  #20: identifier "uint8_t" is undefined
..\dirver\consola.h(12): error:  #20: identifier "uint16_t" is undefined
..\dirver\consola.h(14): warning:  #1-D: last line of file ends without a newline
..\dirver\consola.c(3): error:  #20: identifier "uint8_t" is undefined
..\dirver\consola.c(3): error:  #20: identifier "uint8_t" is undefined
..\dirver\consola.c(3): error:  #20: identifier "uint16_t" is undefined
..\dirver\consola.c(17): warning:  #1-D: last line of file ends without a newline
..\dirver\consola.c - 7 Error(s), 2 Warning(s).
compiling consola.c...
..\dirver\consola.h(4): error:  #11-D: unrecognized preprocessing directive
..\dirver\consola.h(12): error:  #20: identifier "uint8_t" is undefined
..\dirver\consola.h(12): error:  #20: identifier "uint8_t" is undefined
..\dirver\consola.h(12): error:  #20: identifier "uint16_t" is undefined
..\dirver\consola.h(14): warning:  #1-D: last line of file ends without a newline
..\dirver\consola.c(3): error:  #20: identifier "uint8_t" is undefined
..\dirver\consola.c(3): error:  #20: identifier "uint8_t" is undefined
..\dirver\consola.c(3): error:  #20: identifier "uint16_t" is undefined
..\dirver\consola.c(17): warning:  #1-D: last line of file ends without a newline
..\dirver\consola.c - 7 Error(s), 2 Warning(s).
compiling consola.c...
..\dirver\consola.h(4): error:  #11-D: unrecognized preprocessing directive
..\dirver\consola.h(12): error:  #20: identifier "uint8_t" is undefined
..\dirver\consola.h(12): error:  #20: identifier "uint8_t" is undefined
..\dirver\consola.h(12): error:  #20: identifier "uint16_t" is undefined
..\dirver\consola.c(3): error:  #20: identifier "uint8_t" is undefined
..\dirver\consola.c(3): error:  #20: identifier "uint8_t" is undefined
..\dirver\consola.c(3): error:  #20: identifier "uint16_t" is undefined
..\dirver\consola.c - 7 Error(s), 0 Warning(s).
compiling consola.c...
..\dirver\consola.c - 0 Error(s), 0 Warning(s).
Build target 'balancer'
compiling main.c...
..\user\main.c(42): warning:  #223-D: function "strcmp" declared implicitly
compiling stm32f10x_it.c...
linking...
Program Size: Code=4436 RO-data=268 RW-data=56 ZI-data=1552  
FromELF: creating hex file...
".\output\balancer.axf" - 0 Error(s), 1 Warning(s).
compiling main.c...
..\user\main.c(44): warning:  #223-D: function "strcmp" declared implicitly
..\user\main.c - 0 Error(s), 1 Warning(s).
compiling main.c...
..\user\main.c(43): error:  #29: expected an expression
..\user\main.c(43): error:  #167: argument of type "uint16_t *" is incompatible with parameter of type "uint8_t *"
..\user\main.c(43): error:  #165: too few arguments in function call
..\user\main.c - 3 Error(s), 0 Warning(s).
compiling main.c...
..\user\main.c(43): error:  #29: expected an expression
..\user\main.c(43): error:  #165: too few arguments in function call
..\user\main.c(43): error:  #18: expected a ")"
..\user\main.c - 3 Error(s), 0 Warning(s).
compiling main.c...
..\user\main.c(43): error:  #165: too few arguments in function call
..\user\main.c - 1 Error(s), 0 Warning(s).
compiling main.c...
..\user\main.c - 0 Error(s), 0 Warning(s).
compiling main.c...
..\user\main.c(36): error:  #20: identifier "command" is undefined
..\user\main.c - 1 Error(s), 0 Warning(s).
compiling main.c...
..\user\main.c - 0 Error(s), 0 Warning(s).
Build target 'balancer'
linking...
Program Size: Code=4760 RO-data=268 RW-data=312 ZI-data=1552  
FromELF: creating hex file...
".\output\balancer.axf" - 0 Error(s), 0 Warning(s).
compiling main.c...
..\user\main.c(53): error:  #169: expected a declaration
..\user\main.c(76): warning: At end of source:  #12-D: parsing restarts here after previous syntax error
..\user\main.c - 1 Error(s), 1 Warning(s).
compiling main.c...
..\user\main.c - 0 Error(s), 0 Warning(s).
Build target 'balancer'
linking...
Program Size: Code=4668 RO-data=268 RW-data=312 ZI-data=1552  
FromELF: creating hex file...
".\output\balancer.axf" - 0 Error(s), 0 Warning(s).
compiling main.c...
..\user\main.c - 0 Error(s), 0 Warning(s).
Build target 'balancer'
linking...
Program Size: Code=4680 RO-data=268 RW-data=312 ZI-data=1552  
FromELF: creating hex file...
".\output\balancer.axf" - 0 Error(s), 0 Warning(s).
compiling main.c...
..\user\main.c - 0 Error(s), 0 Warning(s).
Build target 'balancer'
linking...
Program Size: Code=4680 RO-data=268 RW-data=312 ZI-data=1552  
FromELF: creating hex file...
".\output\balancer.axf" - 0 Error(s), 0 Warning(s).
compiling main.c...
..\user\main.c - 0 Error(s), 0 Warning(s).
Build target 'balancer'
linking...
Program Size: Code=4528 RO-data=268 RW-data=312 ZI-data=1552  
FromELF: creating hex file...
".\output\balancer.axf" - 0 Error(s), 0 Warning(s).
compiling main.c...
..\user\main.c - 0 Error(s), 0 Warning(s).
Build target 'balancer'
linking...
Program Size: Code=4548 RO-data=268 RW-data=312 ZI-data=1552  
FromELF: creating hex file...
".\output\balancer.axf" - 0 Error(s), 0 Warning(s).
compiling main.c...
..\user\main.c(13): error:  #67: expected a "}"
..\user\main.c - 1 Error(s), 0 Warning(s).
compiling main.c...
..\user\main.c - 0 Error(s), 0 Warning(s).
Build target 'balancer'
linking...
Program Size: Code=4548 RO-data=268 RW-data=312 ZI-data=1552  
FromELF: creating hex file...
".\output\balancer.axf" - 0 Error(s), 0 Warning(s).
compiling main.c...
..\user\main.c - 0 Error(s), 0 Warning(s).
Build target 'balancer'
linking...
Program Size: Code=4696 RO-data=268 RW-data=312 ZI-data=1552  
FromELF: creating hex file...
".\output\balancer.axf" - 0 Error(s), 0 Warning(s).
compiling main.c...
..\user\main.c(47): error:  #142: expression must have pointer-to-object type
..\user\main.c - 1 Error(s), 0 Warning(s).
compiling main.c...
..\user\main.c - 0 Error(s), 0 Warning(s).
Build target 'balancer'
linking...
Program Size: Code=4508 RO-data=268 RW-data=312 ZI-data=1552  
FromELF: creating hex file...
".\output\balancer.axf" - 0 Error(s), 0 Warning(s).
compiling main.c...
..\user\main.c - 0 Error(s), 0 Warning(s).
Build target 'balancer'
linking...
Program Size: Code=4520 RO-data=268 RW-data=312 ZI-data=1552  
FromELF: creating hex file...
".\output\balancer.axf" - 0 Error(s), 0 Warning(s).
compiling main.c...
..\user\main.c - 0 Error(s), 0 Warning(s).
Build target 'balancer'
linking...
Program Size: Code=4572 RO-data=268 RW-data=312 ZI-data=1552  
FromELF: creating hex file...
".\output\balancer.axf" - 0 Error(s), 0 Warning(s).
compiling main.c...
..\user\main.c - 0 Error(s), 0 Warning(s).
Build target 'balancer'
linking...
Program Size: Code=4572 RO-data=268 RW-data=312 ZI-data=1552  
FromELF: creating hex file...
".\output\balancer.axf" - 0 Error(s), 0 Warning(s).
compiling main.c...
..\user\main.c - 0 Error(s), 0 Warning(s).
Build target 'balancer'
linking...
Program Size: Code=4548 RO-data=268 RW-data=312 ZI-data=1552  
FromELF: creating hex file...
".\output\balancer.axf" - 0 Error(s), 0 Warning(s).
compiling main.c...
..\user\main.c - 0 Error(s), 0 Warning(s).
Build target 'balancer'
linking...
Program Size: Code=4932 RO-data=268 RW-data=312 ZI-data=1552  
FromELF: creating hex file...
".\output\balancer.axf" - 0 Error(s), 0 Warning(s).
compiling main.c...
..\user\main.c - 0 Error(s), 0 Warning(s).
Build target 'balancer'
linking...
Program Size: Code=4936 RO-data=268 RW-data=312 ZI-data=1552  
FromELF: creating hex file...
".\output\balancer.axf" - 0 Error(s), 0 Warning(s).
compiling main.c...
..\user\main.c - 0 Error(s), 0 Warning(s).
Build target 'balancer'
linking...
Program Size: Code=4552 RO-data=268 RW-data=312 ZI-data=1552  
FromELF: creating hex file...
".\output\balancer.axf" - 0 Error(s), 0 Warning(s).
compiling main.c...
..\user\main.c(55): error:  #20: identifier "commUart1_Bufferand1" is undefined
..\user\main.c(56): error:  #137: expression must be a modifiable lvalue
..\user\main.c(57): error:  #137: expression must be a modifiable lvalue
..\user\main.c(67): error:  #127: expected a statement
..\user\main.c - 4 Error(s), 0 Warning(s).
compiling main.c...
..\user\main.c(55): error:  #20: identifier "commUart1_Bufferand" is undefined
..\user\main.c(56): error:  #137: expression must be a modifiable lvalue
..\user\main.c(57): error:  #137: expression must be a modifiable lvalue
..\user\main.c(67): error:  #127: expected a statement
..\user\main.c - 4 Error(s), 0 Warning(s).
compiling main.c...
..\user\main.c(56): error:  #137: expression must be a modifiable lvalue
..\user\main.c(57): error:  #137: expression must be a modifiable lvalue
..\user\main.c(67): error:  #127: expected a statement
..\user\main.c - 3 Error(s), 0 Warning(s).
compiling main.c...
..\user\main.c(65): error:  #127: expected a statement
..\user\main.c - 1 Error(s), 0 Warning(s).
compiling main.c...
..\user\main.c - 0 Error(s), 0 Warning(s).
Build target 'balancer'
linking...
Program Size: Code=5024 RO-data=268 RW-data=312 ZI-data=1552  
FromELF: creating hex file...
".\output\balancer.axf" - 0 Error(s), 0 Warning(s).
compiling consola.c...
..\dirver\consola.c(7): error:  #20: identifier "Uart1_BufferSize" is undefined
..\dirver\consola.c - 1 Error(s), 0 Warning(s).
compiling consola.c...
..\dirver\consola.c - 0 Error(s), 0 Warning(s).
compiling main.c...
..\user\main.c - 0 Error(s), 0 Warning(s).
Build target 'balancer'
linking...
Program Size: Code=4928 RO-data=268 RW-data=312 ZI-data=1552  
FromELF: creating hex file...
".\output\balancer.axf" - 0 Error(s), 0 Warning(s).
compiling main.c...
..\user\main.c - 0 Error(s), 0 Warning(s).
Build target 'balancer'
linking...
Program Size: Code=4928 RO-data=268 RW-data=312 ZI-data=1296  
FromELF: creating hex file...
".\output\balancer.axf" - 0 Error(s), 0 Warning(s).
compiling consola.c...
..\dirver\consola.c(6): warning:  #174-D: expression has no effect
..\dirver\consola.c(10): error:  #65: expected a ";"
..\dirver\consola.c(25): warning:  #940-D: missing return statement at end of non-void function "Buffercmp"
..\dirver\consola.c - 1 Error(s), 2 Warning(s).
compiling consola.c...
..\dirver\consola.c(6): warning:  #174-D: expression has no effect
..\dirver\consola.c(25): warning:  #940-D: missing return statement at end of non-void function "Buffercmp"
..\dirver\consola.c - 0 Error(s), 2 Warning(s).
compiling consola.c...
..\dirver\consola.c(25): warning:  #940-D: missing return statement at end of non-void function "Buffercmp"
..\dirver\consola.c - 0 Error(s), 1 Warning(s).
compiling consola.c...
..\dirver\consola.c(25): warning:  #940-D: missing return statement at end of non-void function "Buffercmp"
..\dirver\consola.c - 0 Error(s), 1 Warning(s).
compiling consola.c...
..\dirver\consola.c(25): warning:  #940-D: missing return statement at end of non-void function "Buffercmp"
..\dirver\consola.c - 0 Error(s), 1 Warning(s).
compiling consola.c...
..\dirver\consola.c(25): warning:  #940-D: missing return statement at end of non-void function "Buffercmp"
..\dirver\consola.c - 0 Error(s), 1 Warning(s).
compiling consola.c...
..\dirver\consola.c(25): warning:  #940-D: missing return statement at end of non-void function "Buffercmp"
..\dirver\consola.c - 0 Error(s), 1 Warning(s).
Build target 'balancer'
linking...
Program Size: Code=4936 RO-data=268 RW-data=312 ZI-data=1296  
FromELF: creating hex file...
".\output\balancer.axf" - 0 Error(s), 0 Warning(s).
compiling consola.c...
..\dirver\consola.c(13): warning:  #940-D: missing return statement at end of non-void function "Buffercmp"
..\dirver\consola.c - 0 Error(s), 1 Warning(s).
compiling main.c...
..\user\main.c - 0 Error(s), 0 Warning(s).
Build target 'balancer'
linking...
Program Size: Code=4524 RO-data=268 RW-data=312 ZI-data=1296  
FromELF: creating hex file...
".\output\balancer.axf" - 0 Error(s), 0 Warning(s).
compiling main.c...
..\user\main.c - 0 Error(s), 0 Warning(s).
Build target 'balancer'
linking...
Program Size: Code=4580 RO-data=268 RW-data=568 ZI-data=1296  
FromELF: creating hex file...
".\output\balancer.axf" - 0 Error(s), 0 Warning(s).
compiling main.c...
..\user\main.c - 0 Error(s), 0 Warning(s).
Build target 'balancer'
linking...
Program Size: Code=4580 RO-data=268 RW-data=568 ZI-data=1296  
FromELF: creating hex file...
".\output\balancer.axf" - 0 Error(s), 0 Warning(s).
compiling main.c...
..\user\main.c - 0 Error(s), 0 Warning(s).
Build target 'balancer'
linking...
Program Size: Code=4584 RO-data=268 RW-data=568 ZI-data=1296  
FromELF: creating hex file...
".\output\balancer.axf" - 0 Error(s), 0 Warning(s).
compiling main.c...
..\user\main.c - 0 Error(s), 0 Warning(s).
Build target 'balancer'
linking...
Program Size: Code=4584 RO-data=268 RW-data=568 ZI-data=1296  
FromELF: creating hex file...
".\output\balancer.axf" - 0 Error(s), 0 Warning(s).
compiling main.c...
..\user\main.c - 0 Error(s), 0 Warning(s).
Build target 'balancer'
linking...
Program Size: Code=4560 RO-data=268 RW-data=568 ZI-data=1296  
FromELF: creating hex file...
".\output\balancer.axf" - 0 Error(s), 0 Warning(s).
compiling consola.c...
..\dirver\consola.c(3): error:  #147-D: declaration is incompatible with "TestStatus Buffercmp(uint8_t *, uint8_t *, uint16_t)" (declared at line 12 of "..\dirver\consola.h")
..\dirver\consola.c(13): warning:  #940-D: missing return statement at end of non-void function "Buffercmp"
..\dirver\consola.c - 1 Error(s), 1 Warning(s).
compiling consola.c...
..\dirver\consola.c(13): warning:  #940-D: missing return statement at end of non-void function "Buffercmp"
..\dirver\consola.c - 0 Error(s), 1 Warning(s).
compiling main.c...
..\user\main.c - 0 Error(s), 0 Warning(s).
Build target 'balancer'
linking...
Program Size: Code=4532 RO-data=268 RW-data=1076 ZI-data=1556  
FromELF: creating hex file...
".\output\balancer.axf" - 0 Error(s), 0 Warning(s).
compiling main.c...
..\user\main.c - 0 Error(s), 0 Warning(s).
Build target 'balancer'
linking...
Program Size: Code=4552 RO-data=268 RW-data=1076 ZI-data=1556  
FromELF: creating hex file...
".\output\balancer.axf" - 0 Error(s), 0 Warning(s).
compiling main.c...
..\user\main.c - 0 Error(s), 0 Warning(s).
Build target 'balancer'
linking...
Program Size: Code=4552 RO-data=268 RW-data=1076 ZI-data=1556  
FromELF: creating hex file...
".\output\balancer.axf" - 0 Error(s), 0 Warning(s).
compiling main.c...
..\user\main.c(41): error:  #167: argument of type "const uint16_t *" is incompatible with parameter of type "uint16_t *"
..\user\main.c(43): error:  #167: argument of type "const uint16_t *" is incompatible with parameter of type "uint16_t *"
..\user\main.c - 2 Error(s), 0 Warning(s).
compiling main.c...
..\user\main.c - 0 Error(s), 0 Warning(s).
Build target 'balancer'
linking...
Program Size: Code=4492 RO-data=268 RW-data=84 ZI-data=1556  
FromELF: creating hex file...
".\output\balancer.axf" - 0 Error(s), 0 Warning(s).
compiling main.c...
..\user\main.c(47): error:  #167: argument of type "uint16_t *" is incompatible with parameter of type "const char *"
..\user\main.c - 1 Error(s), 0 Warning(s).
compiling main.c...
..\user\main.c - 0 Error(s), 0 Warning(s).
Build target 'balancer'
linking...
Program Size: Code=4412 RO-data=268 RW-data=84 ZI-data=1556  
FromELF: creating hex file...
".\output\balancer.axf" - 0 Error(s), 0 Warning(s).
compiling main.c...
..\user\main.c - 0 Error(s), 0 Warning(s).
Build target 'balancer'
linking...
Program Size: Code=4412 RO-data=268 RW-data=96 ZI-data=1552  
FromELF: creating hex file...
".\output\balancer.axf" - 0 Error(s), 0 Warning(s).
compiling main.c...
..\user\main.c - 0 Error(s), 0 Warning(s).
compiling main.c...
..\user\main.c - 0 Error(s), 0 Warning(s).
Build target 'balancer'
linking...
Program Size: Code=4672 RO-data=268 RW-data=84 ZI-data=1812  
FromELF: creating hex file...
".\output\balancer.axf" - 0 Error(s), 0 Warning(s).
compiling main.c...
..\user\main.c(47): warning:  #181-D: argument is incompatible with corresponding format string conversion
..\user\main.c - 0 Error(s), 1 Warning(s).
compiling main.c...
..\user\main.c(47): warning:  #181-D: argument is incompatible with corresponding format string conversion
..\user\main.c - 0 Error(s), 1 Warning(s).
Build target 'balancer'
linking...
Program Size: Code=4672 RO-data=268 RW-data=84 ZI-data=1812  
FromELF: creating hex file...
".\output\balancer.axf" - 0 Error(s), 0 Warning(s).
compiling stm32f10x_it.c...
..\user\stm32f10x_it.c(171): error:  #167: argument of type "uint16_t *" is incompatible with parameter of type "char *restrict"
..\user\stm32f10x_it.c - 1 Error(s), 0 Warning(s).
compiling stm32f10x_it.c...
..\user\stm32f10x_it.c(171): error:  #167: argument of type "uint16_t *" is incompatible with parameter of type "char *restrict"
..\user\stm32f10x_it.c - 1 Error(s), 0 Warning(s).
compiling stm32f10x_it.c...
..\user\stm32f10x_it.c(171): error:  #167: argument of type "uint16_t *" is incompatible with parameter of type "char *restrict"
..\user\stm32f10x_it.c - 1 Error(s), 0 Warning(s).
compiling stm32f10x_it.c...
..\user\stm32f10x_it.c(171): error:  #167: argument of type "uint16_t" is incompatible with parameter of type "char *restrict"
..\user\stm32f10x_it.c - 1 Error(s), 0 Warning(s).
compiling main.c...
..\user\main.c(47): warning:  #181-D: argument is incompatible with corresponding format string conversion
..\user\main.c - 0 Error(s), 1 Warning(s).
compiling main.c...
..\user\main.c - 0 Error(s), 0 Warning(s).
compiling stm32f10x_it.c...
..\user\stm32f10x_it.c - 0 Error(s), 0 Warning(s).
compiling stm32f10x_it.c...
..\user\stm32f10x_it.c - 0 Error(s), 0 Warning(s).
Build target 'balancer'
linking...
Program Size: Code=4608 RO-data=268 RW-data=84 ZI-data=1556  
FromELF: creating hex file...
".\output\balancer.axf" - 0 Error(s), 0 Warning(s).
compiling main.c...
..\user\main.c - 0 Error(s), 0 Warning(s).
Build target 'balancer'
linking...
Program Size: Code=4656 RO-data=268 RW-data=84 ZI-data=1556  
FromELF: creating hex file...
".\output\balancer.axf" - 0 Error(s), 0 Warning(s).
compiling main.c...
..\user\main.c(41): warning:  #223-D: function "strcmp" declared implicitly
..\user\main.c - 0 Error(s), 1 Warning(s).
compiling main.c...
..\user\main.c - 0 Error(s), 0 Warning(s).
Build target 'balancer'
linking...
Program Size: Code=4708 RO-data=268 RW-data=72 ZI-data=1552  
FromELF: creating hex file...
".\output\balancer.axf" - 0 Error(s), 0 Warning(s).
compiling stm32f10x_it.c...
..\user\stm32f10x_it.c - 0 Error(s), 0 Warning(s).
Build target 'balancer'
linking...
Program Size: Code=4724 RO-data=268 RW-data=72 ZI-data=1552  
FromELF: creating hex file...
".\output\balancer.axf" - 0 Error(s), 0 Warning(s).
compiling stm32f10x_it.c...
..\user\stm32f10x_it.c - 0 Error(s), 0 Warning(s).
Build target 'balancer'
linking...
Program Size: Code=4708 RO-data=268 RW-data=72 ZI-data=1552  
FromELF: creating hex file...
".\output\balancer.axf" - 0 Error(s), 0 Warning(s).
compiling main.c...
..\user\main.c - 0 Error(s), 0 Warning(s).
Build target 'balancer'
linking...
Program Size: Code=4708 RO-data=268 RW-data=72 ZI-data=1552  
FromELF: creating hex file...
".\output\balancer.axf" - 0 Error(s), 0 Warning(s).
compiling main.c...
..\user\main.c - 0 Error(s), 0 Warning(s).
Build target 'balancer'
linking...
Program Size: Code=4656 RO-data=268 RW-data=72 ZI-data=1552  
FromELF: creating hex file...
".\output\balancer.axf" - 0 Error(s), 0 Warning(s).
compiling main.c...
..\user\main.c - 0 Error(s), 0 Warning(s).
Build target 'balancer'
linking...
Program Size: Code=4656 RO-data=268 RW-data=72 ZI-data=1552  
FromELF: creating hex file...
".\output\balancer.axf" - 0 Error(s), 0 Warning(s).
compiling main.c...
..\user\main.c - 0 Error(s), 0 Warning(s).
Build target 'balancer'
linking...
Program Size: Code=4656 RO-data=268 RW-data=72 ZI-data=1552  
FromELF: creating hex file...
".\output\balancer.axf" - 0 Error(s), 0 Warning(s).
compiling main.c...
..\user\main.c - 0 Error(s), 0 Warning(s).
Build target 'balancer'
linking...
Program Size: Code=4656 RO-data=268 RW-data=72 ZI-data=1552  
FromELF: creating hex file...
".\output\balancer.axf" - 0 Error(s), 0 Warning(s).
compiling main.c...
..\user\main.c - 0 Error(s), 0 Warning(s).
Build target 'balancer'
linking...
Program Size: Code=4708 RO-data=268 RW-data=72 ZI-data=1552  
FromELF: creating hex file...
".\output\balancer.axf" - 0 Error(s), 0 Warning(s).
compiling main.c...
..\user\main.c - 0 Error(s), 0 Warning(s).
Build target 'balancer'
linking...
Program Size: Code=4800 RO-data=268 RW-data=328 ZI-data=1040  
FromELF: creating hex file...
".\output\balancer.axf" - 0 Error(s), 0 Warning(s).
compiling main.c...
..\user\main.c - 0 Error(s), 0 Warning(s).
Build target 'balancer'
linking...
Program Size: Code=4728 RO-data=268 RW-data=328 ZI-data=1040  
FromELF: creating hex file...
".\output\balancer.axf" - 0 Error(s), 0 Warning(s).
compiling main.c...
..\user\main.c - 0 Error(s), 0 Warning(s).
Build target 'balancer'
linking...
Program Size: Code=4728 RO-data=268 RW-data=328 ZI-data=1040  
FromELF: creating hex file...
".\output\balancer.axf" - 0 Error(s), 0 Warning(s).
compiling main.c...
..\user\main.c - 0 Error(s), 0 Warning(s).
Build target 'balancer'
linking...
Program Size: Code=4728 RO-data=268 RW-data=328 ZI-data=1040  
FromELF: creating hex file...
".\output\balancer.axf" - 0 Error(s), 0 Warning(s).
compiling main.c...
..\user\main.c - 0 Error(s), 0 Warning(s).
Build target 'balancer'
linking...
Program Size: Code=4728 RO-data=268 RW-data=328 ZI-data=1040  
FromELF: creating hex file...
".\output\balancer.axf" - 0 Error(s), 0 Warning(s).
compiling main.c...
..\user\main.c - 0 Error(s), 0 Warning(s).
Build target 'balancer'
linking...
Program Size: Code=4728 RO-data=268 RW-data=328 ZI-data=1040  
FromELF: creating hex file...
".\output\balancer.axf" - 0 Error(s), 0 Warning(s).
compiling main.c...
..\user\main.c(53): error:  #167: argument of type "char *" is incompatible with parameter of type "int"
..\user\main.c(53): error:  #165: too few arguments in function call
..\user\main.c(54): error:  #65: expected a ";"
..\user\main.c - 3 Error(s), 0 Warning(s).
compiling main.c...
..\user\main.c(53): error:  #167: argument of type "char *" is incompatible with parameter of type "int"
..\user\main.c(53): error:  #165: too few arguments in function call
..\user\main.c - 2 Error(s), 0 Warning(s).
compiling main.c...
..\user\main.c - 0 Error(s), 0 Warning(s).
Build target 'balancer'
linking...
Program Size: Code=4740 RO-data=268 RW-data=328 ZI-data=1040  
FromELF: creating hex file...
".\output\balancer.axf" - 0 Error(s), 0 Warning(s).
compiling main.c...
..\user\main.c - 0 Error(s), 0 Warning(s).
Build target 'balancer'
linking...
Program Size: Code=4708 RO-data=268 RW-data=824 ZI-data=1040  
FromELF: creating hex file...
".\output\balancer.axf" - 0 Error(s), 0 Warning(s).
compiling main.c...
..\user\main.c - 0 Error(s), 0 Warning(s).
Build target 'balancer'
linking...
Program Size: Code=5368 RO-data=268 RW-data=824 ZI-data=1040  
FromELF: creating hex file...
".\output\balancer.axf" - 0 Error(s), 0 Warning(s).
compiling main.c...
..\user\main.c - 0 Error(s), 0 Warning(s).
Build target 'balancer'
linking...
Program Size: Code=5368 RO-data=268 RW-data=824 ZI-data=1040  
FromELF: creating hex file...
".\output\balancer.axf" - 0 Error(s), 0 Warning(s).
compiling stm32f10x_it.c...
..\user\stm32f10x_it.c - 0 Error(s), 0 Warning(s).
Build target 'balancer'
linking...
Program Size: Code=5384 RO-data=268 RW-data=824 ZI-data=1040  
FromELF: creating hex file...
".\output\balancer.axf" - 0 Error(s), 0 Warning(s).
compiling stm32f10x_it.c...
..\user\stm32f10x_it.c - 0 Error(s), 0 Warning(s).
Build target 'balancer'
linking...
Program Size: Code=5376 RO-data=268 RW-data=824 ZI-data=1040  
FromELF: creating hex file...
".\output\balancer.axf" - 0 Error(s), 0 Warning(s).
compiling main.c...
..\user\main.c - 0 Error(s), 0 Warning(s).
compiling main.c...
..\user\main.c - 0 Error(s), 0 Warning(s).
Build target 'balancer'
linking...
Program Size: Code=5420 RO-data=268 RW-data=824 ZI-data=1040  
FromELF: creating hex file...
".\output\balancer.axf" - 0 Error(s), 0 Warning(s).
compiling main.c...
..\user\main.c - 0 Error(s), 0 Warning(s).
Build target 'balancer'
linking...
Program Size: Code=5432 RO-data=268 RW-data=824 ZI-data=1040  
FromELF: creating hex file...
".\output\balancer.axf" - 0 Error(s), 0 Warning(s).
compiling stm32f10x_it.c...
..\user\stm32f10x_it.c - 0 Error(s), 0 Warning(s).
Build target 'balancer'
linking...
Program Size: Code=5436 RO-data=268 RW-data=824 ZI-data=1040  
FromELF: creating hex file...
".\output\balancer.axf" - 0 Error(s), 0 Warning(s).
compiling main.c...
..\user\main.c - 0 Error(s), 0 Warning(s).
Build target 'balancer'
compiling stm32f10x_it.c...
linking...
Program Size: Code=5436 RO-data=268 RW-data=824 ZI-data=1040  
FromELF: creating hex file...
".\output\balancer.axf" - 0 Error(s), 0 Warning(s).
compiling main.c...
..\user\main.c - 0 Error(s), 0 Warning(s).
Build target 'balancer'
linking...
Program Size: Code=5436 RO-data=268 RW-data=824 ZI-data=1040  
FromELF: creating hex file...
".\output\balancer.axf" - 0 Error(s), 0 Warning(s).
compiling main.c...
..\user\main.c - 0 Error(s), 0 Warning(s).
Build target 'balancer'
linking...
Program Size: Code=4780 RO-data=268 RW-data=824 ZI-data=1040  
FromELF: creating hex file...
".\output\balancer.axf" - 0 Error(s), 0 Warning(s).
compiling main.c...
..\user\main.c - 0 Error(s), 0 Warning(s).
Build target 'balancer'
linking...
Program Size: Code=4780 RO-data=268 RW-data=824 ZI-data=1040  
FromELF: creating hex file...
".\output\balancer.axf" - 0 Error(s), 0 Warning(s).
compiling stm32f10x_it.c...
..\user\stm32f10x_it.c - 0 Error(s), 0 Warning(s).
Build target 'balancer'
linking...
Program Size: Code=4788 RO-data=268 RW-data=824 ZI-data=1040  
FromELF: creating hex file...
".\output\balancer.axf" - 0 Error(s), 0 Warning(s).
compiling stm32f10x_it.c...
..\user\stm32f10x_it.c - 0 Error(s), 0 Warning(s).
Build target 'balancer'
linking...
Program Size: Code=4780 RO-data=268 RW-data=824 ZI-data=1040  
FromELF: creating hex file...
".\output\balancer.axf" - 0 Error(s), 0 Warning(s).
