<html>
<body>
<pre>
<h1>µVision Build Log</h1>
<h2>Project:</h2>
Y:\balancer\day6_adc_battery\MDKProj\balancer.uvproj
Project File Date:  07/06/2015

<h2>Output:</h2>
compiling main.c...
..\user\main.c(49): warning:  #223-D: function "ADC_GetFlagStatus" declared implicitly
..\user\main.c:                         while(ADC_GetFlagStatus(ADC1,ADC_FLAG_JEOC == RESET));
..\user\main.c:                               ^
..\user\main.c(49): error:  #20: identifier "ADC_FLAG_JEOC" is undefined
..\user\main.c:                         while(ADC_GetFlagStatus(ADC1,ADC_FLAG_JEOC == RESET));
..\user\main.c:                                                      ^
..\user\main.c(51): warning:  #223-D: function "ADC_GetConversionValue" declared implicitly
..\user\main.c:                         printf("%d \r\n", ADC_GetConversionValue(ADC1));
..\user\main.c:                                           ^
..\user\main.c: ..\user\main.c: 2 warnings, 1 error
..\user\main.c - 1 Error(s), 2 Warning(s).
compiling main.c...
..\user\main.c - 0 Error(s), 0 Warning(s).
Build target 'balancer'
assembling startup_stm32f10x_md.s...
compiling delay.c...
compiling bsp.c...
compiling uart1.c...
compiling led.c...
compiling encoder.c...
compiling motor.c...
compiling misc.c...
compiling stm32f10x_adc.c...
compiling stm32f10x_crc.c...
compiling stm32f10x_dma.c...
compiling stm32f10x_exti.c...
compiling stm32f10x_flash.c...
compiling stm32f10x_gpio.c...
compiling stm32f10x_i2c.c...
compiling stm32f10x_rcc.c...
compiling stm32f10x_rtc.c...
compiling stm32f10x_tim.c...
compiling stm32f10x_usart.c...
compiling stm32f10x_it.c...
compiling core_cm3.c...
compiling system_stm32f10x.c...
linking...
.\output\balancer.axf: Error: L6218E: Undefined symbol NVIC_adc1_Configuration (referred from main.o).
.\output\balancer.axf: Error: L6218E: Undefined symbol adc1_init (referred from main.o).
.\output\balancer.axf: Not enough information to list image symbols.
.\output\balancer.axf: Finished: 1 information, 0 warning and 2 error messages.
Target not created
compiling main.c...
..\user\main.c - 0 Error(s), 0 Warning(s).
Build target 'balancer'
compiling battery.c...
..\dirver\battery.c(10): error:  #167: argument of type "GPIO_InitTypeDef" is incompatible with parameter of type "GPIO_InitTypeDef *"
..\dirver\battery.c:    GPIO_Init(GPIOA,GPIO_InitStructure);
..\dirver\battery.c:                    ^
..\dirver\battery.c(13): error:  #268: declaration may not appear after executable statement in block
..\dirver\battery.c:    ADC_InitTypeDef ADC_InitStructure;
..\dirver\battery.c:    ^
..\dirver\battery.c(19): error:  #167: argument of type "ADC_InitTypeDef" is incompatible with parameter of type "ADC_InitTypeDef *"
..\dirver\battery.c:    ADC_Init(ADC1,ADC_InitStructure);
..\dirver\battery.c:                  ^
..\dirver\battery.c(40): error:  #167: argument of type "NVIC_InitTypeDef" is incompatible with parameter of type "NVIC_InitTypeDef *"
..\dirver\battery.c:    NVIC_Init(NVIC_InitStructure);
..\dirver\battery.c:              ^
..\dirver\battery.c: ..\dirver\battery.c: 0 warnings, 4 errors
Target not created
compiling battery.c...
..\dirver\battery.c(10): error:  #167: argument of type "GPIO_InitTypeDef" is incompatible with parameter of type "GPIO_InitTypeDef *"
..\dirver\battery.c:    GPIO_Init(GPIOA,GPIO_InitStructure);
..\dirver\battery.c:                    ^
..\dirver\battery.c(13): error:  #268: declaration may not appear after executable statement in block
..\dirver\battery.c:    ADC_InitTypeDef ADC_InitStructure;
..\dirver\battery.c:    ^
..\dirver\battery.c(19): error:  #167: argument of type "ADC_InitTypeDef" is incompatible with parameter of type "ADC_InitTypeDef *"
..\dirver\battery.c:    ADC_Init(ADC1,ADC_InitStructure);
..\dirver\battery.c:                  ^
..\dirver\battery.c: ..\dirver\battery.c: 0 warnings, 3 errors
..\dirver\battery.c - 3 Error(s), 0 Warning(s).
compiling battery.c...
..\dirver\battery.c(13): error:  #268: declaration may not appear after executable statement in block
..\dirver\battery.c:    ADC_InitTypeDef ADC_InitStructure;
..\dirver\battery.c:    ^
..\dirver\battery.c: ..\dirver\battery.c: 0 warnings, 1 error
..\dirver\battery.c - 1 Error(s), 0 Warning(s).
compiling battery.c...
..\dirver\battery.c - 0 Error(s), 0 Warning(s).
Build target 'balancer'
linking...
Program Size: Code=10836 RO-data=268 RW-data=824 ZI-data=1040  
FromELF: creating hex file...
".\output\balancer.axf" - 0 Error(s), 0 Warning(s).
compiling main.c...
..\user\main.c - 0 Error(s), 0 Warning(s).
Build target 'balancer'
linking...
Program Size: Code=10824 RO-data=268 RW-data=824 ZI-data=1040  
FromELF: creating hex file...
".\output\balancer.axf" - 0 Error(s), 0 Warning(s).
compiling battery.c...
..\dirver\battery.c - 0 Error(s), 0 Warning(s).
Build target 'balancer'
linking...
Program Size: Code=10832 RO-data=268 RW-data=824 ZI-data=1040  
FromELF: creating hex file...
".\output\balancer.axf" - 0 Error(s), 0 Warning(s).
compiling stm32f10x_it.c...
..\user\stm32f10x_it.c - 0 Error(s), 0 Warning(s).
Build target 'balancer'
compiling bsp.c...
compiling battery.c...
linking...
Program Size: Code=10796 RO-data=268 RW-data=824 ZI-data=1040  
FromELF: creating hex file...
".\output\balancer.axf" - 0 Error(s), 0 Warning(s).
compiling main.c...
..\user\main.c - 0 Error(s), 0 Warning(s).
Build target 'balancer'
linking...
Program Size: Code=10808 RO-data=268 RW-data=824 ZI-data=1040  
FromELF: creating hex file...
".\output\balancer.axf" - 0 Error(s), 0 Warning(s).
compiling main.c...
..\user\main.c - 0 Error(s), 0 Warning(s).
compiling battery.c...
..\dirver\battery.c - 0 Error(s), 0 Warning(s).
Build target 'balancer'
linking...
Program Size: Code=10808 RO-data=268 RW-data=824 ZI-data=1040  
FromELF: creating hex file...
".\output\balancer.axf" - 0 Error(s), 0 Warning(s).
compiling battery.c...
..\dirver\battery.c(28): error:  #65: expected a ";"
..\dirver\battery.c:   }
..\dirver\battery.c:   ^
..\dirver\battery.c: ..\dirver\battery.c: 0 warnings, 1 error
..\dirver\battery.c - 1 Error(s), 0 Warning(s).
compiling battery.c...
..\dirver\battery.c - 0 Error(s), 0 Warning(s).
Build target 'balancer'
linking...
Program Size: Code=10808 RO-data=268 RW-data=824 ZI-data=1040  
FromELF: creating hex file...
".\output\balancer.axf" - 0 Error(s), 0 Warning(s).
Build target 'balancer'
compiling battery.c...
linking...
Program Size: Code=10808 RO-data=268 RW-data=824 ZI-data=1040  
FromELF: creating hex file...
".\output\balancer.axf" - 0 Error(s), 0 Warning(s).
compiling main.c...
..\user\main.c - 0 Error(s), 0 Warning(s).
Build target 'balancer'
linking...
Program Size: Code=10808 RO-data=268 RW-data=824 ZI-data=1040  
FromELF: creating hex file...
".\output\balancer.axf" - 0 Error(s), 0 Warning(s).
compiling main.c...
..\user\main.c - 0 Error(s), 0 Warning(s).
Build target 'balancer'
linking...
Program Size: Code=10816 RO-data=268 RW-data=824 ZI-data=1040  
FromELF: creating hex file...
".\output\balancer.axf" - 0 Error(s), 0 Warning(s).
compiling stm32f10x_it.c...
..\user\stm32f10x_it.c - 0 Error(s), 0 Warning(s).
Build target 'balancer'
linking...
Program Size: Code=10816 RO-data=268 RW-data=824 ZI-data=1040  
FromELF: creating hex file...
".\output\balancer.axf" - 0 Error(s), 0 Warning(s).
compiling main.c...
..\user\main.c - 0 Error(s), 0 Warning(s).
Build target 'balancer'
compiling battery.c...
linking...
Program Size: Code=10792 RO-data=268 RW-data=824 ZI-data=1040  
FromELF: creating hex file...
".\output\balancer.axf" - 0 Error(s), 0 Warning(s).
compiling main.c...
..\user\main.c - 0 Error(s), 0 Warning(s).
compiling main.c...
..\user\main.c - 0 Error(s), 0 Warning(s).
Build target 'balancer'
compiling battery.c...
compiling stm32f10x_it.c...
linking...
Program Size: Code=10784 RO-data=268 RW-data=824 ZI-data=1040  
FromELF: creating hex file...
".\output\balancer.axf" - 0 Error(s), 0 Warning(s).
compiling main.c...
..\user\main.c - 0 Error(s), 0 Warning(s).
Build target 'balancer'
compiling battery.c...
linking...
Program Size: Code=10784 RO-data=268 RW-data=824 ZI-data=1040  
FromELF: creating hex file...
".\output\balancer.axf" - 0 Error(s), 0 Warning(s).
compiling battery.c...
..\dirver\battery.c - 0 Error(s), 0 Warning(s).
Build target 'balancer'
linking...
Program Size: Code=10784 RO-data=268 RW-data=824 ZI-data=1040  
FromELF: creating hex file...
".\output\balancer.axf" - 0 Error(s), 0 Warning(s).
compiling battery.c...
..\dirver\battery.c - 0 Error(s), 0 Warning(s).
Build target 'balancer'
linking...
Program Size: Code=10784 RO-data=268 RW-data=824 ZI-data=1040  
FromELF: creating hex file...
".\output\balancer.axf" - 0 Error(s), 0 Warning(s).
compiling stm32f10x_it.c...
..\user\stm32f10x_it.c - 0 Error(s), 0 Warning(s).
Build target 'balancer'
linking...
Program Size: Code=10784 RO-data=268 RW-data=824 ZI-data=1040  
FromELF: creating hex file...
".\output\balancer.axf" - 0 Error(s), 0 Warning(s).
compiling main.c...
..\user\main.c - 0 Error(s), 0 Warning(s).
Build target 'balancer'
compiling stm32f10x_it.c...
linking...
Program Size: Code=10816 RO-data=268 RW-data=824 ZI-data=1040  
FromELF: creating hex file...
".\output\balancer.axf" - 0 Error(s), 0 Warning(s).
compiling stm32f10x_it.c...
..\user\stm32f10x_it.c - 0 Error(s), 0 Warning(s).
Build target 'balancer'
compiling main.c...
linking...
Program Size: Code=10796 RO-data=268 RW-data=824 ZI-data=1040  
FromELF: creating hex file...
".\output\balancer.axf" - 0 Error(s), 0 Warning(s).
compiling battery.c...
..\dirver\battery.c - 0 Error(s), 0 Warning(s).
Build target 'balancer'
linking...
Program Size: Code=10796 RO-data=268 RW-data=824 ZI-data=1040  
FromELF: creating hex file...
".\output\balancer.axf" - 0 Error(s), 0 Warning(s).
compiling battery.c...
..\dirver\battery.c - 0 Error(s), 0 Warning(s).
Build target 'balancer'
linking...
Program Size: Code=10796 RO-data=268 RW-data=824 ZI-data=1040  
FromELF: creating hex file...
".\output\balancer.axf" - 0 Error(s), 0 Warning(s).
compiling battery.c...
..\dirver\battery.c - 0 Error(s), 0 Warning(s).
Build target 'balancer'
linking...
Program Size: Code=10792 RO-data=268 RW-data=824 ZI-data=1040  
FromELF: creating hex file...
".\output\balancer.axf" - 0 Error(s), 0 Warning(s).
compiling battery.c...
..\dirver\battery.c - 0 Error(s), 0 Warning(s).
compiling main.c...
..\user\main.c - 0 Error(s), 0 Warning(s).
Build target 'balancer'
compiling stm32f10x_it.c...
linking...
Program Size: Code=10816 RO-data=268 RW-data=824 ZI-data=1040  
FromELF: creating hex file...
".\output\balancer.axf" - 0 Error(s), 0 Warning(s).
compiling main.c...
..\user\main.c - 0 Error(s), 0 Warning(s).
Build target 'balancer'
linking...
Program Size: Code=10816 RO-data=268 RW-data=824 ZI-data=1040  
FromELF: creating hex file...
".\output\balancer.axf" - 0 Error(s), 0 Warning(s).
compiling stm32f10x_it.c...
..\user\stm32f10x_it.c - 0 Error(s), 0 Warning(s).
Build target 'balancer'
linking...
Program Size: Code=10828 RO-data=268 RW-data=824 ZI-data=1040  
FromELF: creating hex file...
".\output\balancer.axf" - 0 Error(s), 0 Warning(s).
compiling stm32f10x_it.c...
..\user\stm32f10x_it.c - 0 Error(s), 0 Warning(s).
Build target 'balancer'
linking...
Program Size: Code=10824 RO-data=268 RW-data=824 ZI-data=1040  
FromELF: creating hex file...
".\output\balancer.axf" - 0 Error(s), 0 Warning(s).
compiling stm32f10x_it.c...
..\user\stm32f10x_it.c - 0 Error(s), 0 Warning(s).
compiling stm32f10x_it.c...
..\user\stm32f10x_it.c - 0 Error(s), 0 Warning(s).
Build target 'balancer'
linking...
Program Size: Code=10840 RO-data=268 RW-data=824 ZI-data=1040  
FromELF: creating hex file...
".\output\balancer.axf" - 0 Error(s), 0 Warning(s).
compiling stm32f10x_adc.c...
..\lib\src\stm32f10x_adc.c - 0 Error(s), 0 Warning(s).
compiling stm32f10x_it.c...
..\user\stm32f10x_it.c - 0 Error(s), 0 Warning(s).
Build target 'balancer'
linking...
Program Size: Code=10836 RO-data=268 RW-data=824 ZI-data=1040  
FromELF: creating hex file...
".\output\balancer.axf" - 0 Error(s), 0 Warning(s).
compiling stm32f10x_it.c...
..\user\stm32f10x_it.c - 0 Error(s), 0 Warning(s).
Build target 'balancer'
linking...
Program Size: Code=10824 RO-data=268 RW-data=824 ZI-data=1040  
FromELF: creating hex file...
".\output\balancer.axf" - 0 Error(s), 0 Warning(s).
Build target 'balancer'
linking...
Program Size: Code=10824 RO-data=268 RW-data=824 ZI-data=1040  
FromELF: creating hex file...
".\output\balancer.axf" - 0 Error(s), 0 Warning(s).
compiling main.c...
..\user\main.c - 0 Error(s), 0 Warning(s).
Build target 'balancer'
compiling battery.c...
linking...
Program Size: Code=10808 RO-data=268 RW-data=824 ZI-data=1040  
FromELF: creating hex file...
".\output\balancer.axf" - 0 Error(s), 0 Warning(s).
