<html>
<body>
<pre>
<h1>µVision Build Log</h1>
<h2>Project:</h2>
C:\Users\GaoMjun\Desktop\base\MDKProj\balancer.uvproj
Project File Date:  07/01/2015

<h2>Output:</h2>
Build target 'balancer'
compiling main.c...
linking...
balancer.axf: Error: L6218E: Undefined symbol SystemInit (referred from startup_stm32f10x_md.o).
Target not created
compiling main.c...
..\user\main.c - 0 Error(s), 0 Warning(s).
compiling main.c...
..\user\main.c - 0 Error(s), 0 Warning(s).
Build target 'balancer'
linking...
balancer.axf: Error: L6218E: Undefined symbol SystemInit (referred from startup_stm32f10x_md.o).
Target not created
assembling startup_stm32f10x_md.s...
..\startup\startup_stm32f10x_md.s - 0 Error(s), 0 Warning(s).
Build target 'balancer'
linking...
balancer.axf: Error: L6218E: Undefined symbol SystemInit (referred from main.o).
Target not created
Rebuild target 'balancer'
assembling startup_stm32f10x_md.s...
compiling misc.c...
compiling stm32f10x_adc.c...
compiling stm32f10x_crc.c...
compiling stm32f10x_dma.c...
compiling stm32f10x_exti.c...
compiling stm32f10x_flash.c...
compiling stm32f10x_gpio.c...
compiling stm32f10x_i2c.c...
compiling stm32f10x_rcc.c...
compiling stm32f10x_rtc.c...
compiling stm32f10x_tim.c...
compiling stm32f10x_usart.c...
compiling main.c...
compiling stm32f10x_it.c...
linking...
balancer.axf: Error: L6218E: Undefined symbol SystemInit (referred from main.o).
Target not created
assembling startup_stm32f10x_md.s...
..\startup\startup_stm32f10x_md.s - 0 Error(s), 0 Warning(s).
Build target 'balancer'
linking...
balancer.axf: Error: L6218E: Undefined symbol SystemInit (referred from main.o).
Target not created
Build target 'balancer'
linking...
balancer.axf: Error: L6218E: Undefined symbol SystemInit (referred from main.o).
Target not created
Build target 'balancer'
linking...
balancer.axf: Error: L6218E: Undefined symbol SystemInit (referred from main.o).
Target not created
Build target 'balancer'
linking...
balancer.axf: Error: L6218E: Undefined symbol SystemInit (referred from main.o).
Target not created
Build target 'balancer'
linking...
balancer.axf: Error: L6218E: Undefined symbol SystemInit (referred from main.o).
Target not created
Build target 'balancer'
linking...
balancer.axf: Error: L6218E: Undefined symbol SystemInit (referred from main.o).
Target not created
Build target 'balancer'
linking...
balancer.axf: Error: L6218E: Undefined symbol SystemInit (referred from main.o).
Target not created
Build target 'balancer'
linking...
balancer.axf: Error: L6218E: Undefined symbol SystemInit (referred from main.o).
Target not created
Clean started: Project: 'balancer'
   deleting intermediate output files for target 'balancer'
Rebuild target 'balancer'
assembling startup_stm32f10x_md.s...
compiling misc.c...
compiling stm32f10x_adc.c...
compiling stm32f10x_crc.c...
compiling stm32f10x_dma.c...
compiling stm32f10x_exti.c...
compiling stm32f10x_flash.c...
compiling stm32f10x_gpio.c...
compiling stm32f10x_i2c.c...
compiling stm32f10x_rcc.c...
compiling stm32f10x_rtc.c...
compiling stm32f10x_tim.c...
compiling stm32f10x_usart.c...
compiling main.c...
compiling stm32f10x_it.c...
linking...
balancer.axf: Error: L6218E: Undefined symbol SystemInit (referred from main.o).
Target not created
compiling main.c...
..\user\main.c - 0 Error(s), 0 Warning(s).
Build target 'balancer'
assembling startup_stm32f10x_md.s...
linking...
balancer.axf: Error: L6218E: Undefined symbol SystemInit (referred from startup_stm32f10x_md.o).
Target not created
Rebuild target 'balancer'
assembling startup_stm32f10x_md.s...
compiling misc.c...
compiling stm32f10x_adc.c...
compiling stm32f10x_crc.c...
compiling stm32f10x_dma.c...
compiling stm32f10x_exti.c...
compiling stm32f10x_flash.c...
compiling stm32f10x_gpio.c...
compiling stm32f10x_i2c.c...
compiling stm32f10x_rcc.c...
compiling stm32f10x_rtc.c...
compiling stm32f10x_tim.c...
compiling stm32f10x_usart.c...
compiling main.c...
compiling stm32f10x_it.c...
linking...
balancer.axf: Error: L6218E: Undefined symbol SystemInit (referred from startup_stm32f10x_md.o).
Target not created
compiling system_stm32f10x.c...
..\cmsis\system_stm32f10x.c - 0 Error(s), 0 Warning(s).
Build target 'balancer'
compiling core_cm3.c...
linking...
Program Size: Code=828 RO-data=268 RW-data=20 ZI-data=1636  
FromELF: creating hex file...
"balancer.axf" - 0 Error(s), 0 Warning(s).
compiling main.c...
..\user\main.c - 0 Error(s), 0 Warning(s).
Build target 'balancer'
linking...
Program Size: Code=824 RO-data=268 RW-data=20 ZI-data=1636  
FromELF: creating hex file...
"balancer.axf" - 0 Error(s), 0 Warning(s).
Rebuild target 'balancer'
assembling startup_stm32f10x_md.s...
compiling misc.c...
compiling stm32f10x_adc.c...
compiling stm32f10x_crc.c...
compiling stm32f10x_dma.c...
compiling stm32f10x_exti.c...
compiling stm32f10x_flash.c...
compiling stm32f10x_gpio.c...
compiling stm32f10x_i2c.c...
compiling stm32f10x_rcc.c...
compiling stm32f10x_rtc.c...
compiling stm32f10x_tim.c...
compiling stm32f10x_usart.c...
compiling main.c...
compiling stm32f10x_it.c...
compiling core_cm3.c...
compiling system_stm32f10x.c...
linking...
Program Size: Code=824 RO-data=268 RW-data=20 ZI-data=1636  
FromELF: creating hex file...
"balancer.axf" - 0 Error(s), 0 Warning(s).
