<html>
<body>
<pre>
<h1>µVision Build Log</h1>
<h2>Project:</h2>
Z:\Dropbox\balancer\day4_encoder\MDKProj\balancer.uvproj
Project File Date:  07/05/2015

<h2>Output:</h2>
compiling bsp.c...
..\bsp\bsp.c - 0 Error(s), 0 Warning(s).
compiling bsp.c...
..\bsp\bsp.c - 0 Error(s), 0 Warning(s).
compiling main.c...
..\user\main.c - 0 Error(s), 0 Warning(s).
Build target 'balancer'
linking...
Program Size: Code=9192 RO-data=268 RW-data=824 ZI-data=1040  
FromELF: creating hex file...
".\output\balancer.axf" - 0 Error(s), 0 Warning(s).
